--------------------------------------------------------------------------------
      name:  osf40
       log:  /Users/mmking/Documents/SocResearch/SocArXiv_gender/stata/osf40_res
> ults_intro.smcl
  log type:  text
 opened on:  24 Feb 2025, 15:47:49

. 
. //      project:        SocArXiv
. 
. //  task:               Results Intro
. 
. //  github:     SocArXiv_gender
. //  author:     Molly King 
. 
. display "$S_DATE  $S_TIME"
24 Feb 2025  15:47:49

. 
. ***--------------------------***
. // PROGRAM SETUP
. ***--------------------------***
. 
. version 18 // keeps program consistent for future replications

. set linesize 80

. clear all

. set more off

. 
. ***--------------------------***
. 
. use  $raw/papers_authors_crosswalk.dta, clear

. *drop if _merge == 2 // authors not in survey
. 
. merge m:1 jm_paper_id using $raw/papers_table_with_metadata.dta

    Result                      Number of obs
    -----------------------------------------
    Not matched                             0
    Matched                           492,848  (_merge==3)
    -----------------------------------------

. drop _merge

. 
. save $clean/papers_auths.dta, replace
file ~/Documents/SocResearch/SocArXiv_gender/data/clean_data/papers_auths.dta
    saved

. 
. 
. ***--------------------------***
. // SUBMISSIONS to SocArXiv
. ***--------------------------***
. 
. * Number of unique authors
. use $clean/papers_auths.dta

. keep if osfid != ""
(466,774 observations deleted)

. keep jm_paper_id jm_auth_id osfid

. duplicates drop jm_auth_id, force

Duplicates in terms of jm_auth_id

(10,806 observations deleted)

. count
  15,268

. 
. * Number of unique OSF manuscripts
. use $clean/papers_auths.dta, clear

. keep if osfid != ""
(466,774 observations deleted)

. keep jm_paper_id jm_auth_id osfid

. duplicates drop jm_paper_id, force

Duplicates in terms of jm_paper_id

(15,619 observations deleted)

. count
  10,455

. 
. * Number of unique WoS publications
. use $clean/survey_authors_papers.dta, clear

. * dataset from osf10 that includes survey
. keep if responseid != ""
(0 observations deleted)

. keep uid

. duplicates drop

Duplicates in terms of all variables

(38,197 observations deleted)

. count 
  431,062

. 
. * Number of unique OSF pubs
. use $clean/survey_authors_papers.dta, clear

. keep if responseid != ""
(0 observations deleted)

. keep osfid

. duplicates drop

Duplicates in terms of all variables

(467,164 observations deleted)

. count
  2,095

. 
. 
end of do-file

. do "/var/folders/yd/d3dz05pj2m3gb9v7zqphqkmh0000gt/T//SD35095.000000"

. capture log close osf20

. log using $stata/osf20_author_outcomes.smcl, name(osf20) replace text
--------------------------------------------------------------------------------
      name:  osf20
       log:  /Users/mmking/Documents/SocResearch/SocArXiv_gender/stata/osf20_aut
> hor_outcomes.smcl
  log type:  text
 opened on:  24 Feb 2025, 15:56:49

. 
. //      project:        SocArXiv
. 
. //  task:               Feminist Careers: Author Outcomes
. //                              Merge all WoS + OSF + Survey
. 
. //  github:     SocArXiv_gender
. //  author:     Molly King 
. 
. display "$S_DATE  $S_TIME"
24 Feb 2025  15:56:49

. 
. ***--------------------------***
. // PROGRAM SETUP
. ***--------------------------***
. 
. version 18 // keeps program consistent for future replications

. set linesize 80

. clear all

. set more off

. 
. ***--------------------------***
. 
. use $raw/authors_table.dta, clear

. drop if responseid == ""
(14,350 observations deleted)

. 
. merge 1:1 responseid using $clean/survey_clean.dta

    Result                      Number of obs
    -----------------------------------------
    Not matched                           301
        from master                         0  (_merge==1)
        from using                        301  (_merge==2)

    Matched                            19,607  (_merge==3)
    -----------------------------------------

. drop if _merge == 2
(301 observations deleted)

. drop _merge

. 
. merge 1:m jm_auth_id using $raw/papers_authors_crosswalk.dta

    Result                      Number of obs
    -----------------------------------------
    Not matched                        23,589
        from master                         0  (_merge==1)
        from using                     23,589  (_merge==2)

    Matched                           469,259  (_merge==3)
    -----------------------------------------

. *drop if _merge == 2 // authors not in survey
. drop _merge

. 
. merge m:1 jm_paper_id using $raw/papers_table_with_metadata.dta

    Result                      Number of obs
    -----------------------------------------
    Not matched                             0
    Matched                           492,848  (_merge==3)
    -----------------------------------------

. drop if _merge == 2 // authors not in survey
(0 observations deleted)

. drop _merge

. 
. 
. // create group id based on responseid (string)
. egen responseid_n = group(responseid)
(23,589 missing values generated)

. xtset responseid_n

Panel variable: responseid_n (unbalanced)

. 
. ***--------------------------***
. // VARIABLE CREATION
. ***--------------------------***
. 
. // Author ever posted to SocArXiv
. gen osfpub = .
(492,848 missing values generated)

.         replace osfpub = 0 if osf_paperid == ""
osf_paperid not found
r(111);

end of do-file

r(111);

. do "/var/folders/yd/d3dz05pj2m3gb9v7zqphqkmh0000gt/T//SD35095.000000"

. capture log close osf20

. log using $stata/osf20_author_outcomes.smcl, name(osf20) replace text
--------------------------------------------------------------------------------
      name:  osf20
       log:  /Users/mmking/Documents/SocResearch/SocArXiv_gender/stata/osf20_aut
> hor_outcomes.smcl
  log type:  text
 opened on:  24 Feb 2025, 15:57:27

. 
. //      project:        SocArXiv
. 
. //  task:               Feminist Careers: Author Outcomes
. //                              Merge all WoS + OSF + Survey
. 
. //  github:     SocArXiv_gender
. //  author:     Molly King 
. 
. display "$S_DATE  $S_TIME"
24 Feb 2025  15:57:27

. 
. ***--------------------------***
. // PROGRAM SETUP
. ***--------------------------***
. 
. version 18 // keeps program consistent for future replications

. set linesize 80

. clear all

. set more off

. 
. ***--------------------------***
. 
. use $raw/authors_table.dta, clear

. drop if responseid == ""
(14,350 observations deleted)

. 
. merge 1:1 responseid using $clean/survey_clean.dta

    Result                      Number of obs
    -----------------------------------------
    Not matched                           301
        from master                         0  (_merge==1)
        from using                        301  (_merge==2)

    Matched                            19,607  (_merge==3)
    -----------------------------------------

. drop if _merge == 2
(301 observations deleted)

. drop _merge

. 
. merge 1:m jm_auth_id using $raw/papers_authors_crosswalk.dta

    Result                      Number of obs
    -----------------------------------------
    Not matched                        23,589
        from master                         0  (_merge==1)
        from using                     23,589  (_merge==2)

    Matched                           469,259  (_merge==3)
    -----------------------------------------

. *drop if _merge == 2 // authors not in survey
. drop _merge

. 
. merge m:1 jm_paper_id using $raw/papers_table_with_metadata.dta

    Result                      Number of obs
    -----------------------------------------
    Not matched                             0
    Matched                           492,848  (_merge==3)
    -----------------------------------------

. drop if _merge == 2 // authors not in survey
(0 observations deleted)

. drop _merge

. 
. 
. // create group id based on responseid (string)
. egen responseid_n = group(responseid)
(23,589 missing values generated)

. xtset responseid_n

Panel variable: responseid_n (unbalanced)

. 
. ***--------------------------***
. // VARIABLE CREATION
. ***--------------------------***
. 
. // Author ever posted to SocArXiv
. gen osfpub = .
(492,848 missing values generated)

.         replace osfpub = 0 if osfid == ""
(466,774 real changes made)

.         replace osfpub = 1 if osfid != ""
(26,074 real changes made)

. lab var osfpub "Paper submitted to OSF - binary 1 yes 0 no"

. tab osfpub, m

      Paper |
  submitted |
   to OSF - |
   binary 1 |
   yes 0 no |      Freq.     Percent        Cum.
------------+-----------------------------------
          0 |    466,774       94.71       94.71
          1 |     26,074        5.29      100.00
------------+-----------------------------------
      Total |    492,848      100.00

. 
. bysort responseid: egen osfpub_ever = max(osfpub)

.         tab osfpub_ever, m

osfpub_ever |      Freq.     Percent        Cum.
------------+-----------------------------------
          0 |    438,679       89.01       89.01
          1 |     54,169       10.99      100.00
------------+-----------------------------------
      Total |    492,848      100.00

.         lab var osfpub_ever "responseid ever had osf_paperid in dataset"

.         lab define osfpub_ever ///
>                 0 "never osfpub (author level)" ///
>                 1 "osfpub ever (author level)"

.         lab val osfpub_ever osfpub_ever

.         
. // Number of osfpubs per author
. bysort responseid: egen osfpub_num = total(osfpub)

. tab osfpub_num

 osfpub_num |      Freq.     Percent        Cum.
------------+-----------------------------------
          0 |    438,679       89.01       89.01
          1 |     15,386        3.12       92.13
          2 |      5,220        1.06       93.19
          3 |      1,751        0.36       93.55
          4 |      2,593        0.53       94.07
          5 |      1,462        0.30       94.37
          6 |        646        0.13       94.50
          7 |        833        0.17       94.67
          8 |        589        0.12       94.79
          9 |        229        0.05       94.83
         10 |         71        0.01       94.85
         11 |        295        0.06       94.91
         12 |        383        0.08       94.99
         13 |         36        0.01       94.99
         14 |         19        0.00       95.00
         15 |        146        0.03       95.03
         16 |        298        0.06       95.09
         18 |         54        0.01       95.10
         19 |        174        0.04       95.13
         21 |        142        0.03       95.16
         22 |         34        0.01       95.17
         23 |         92        0.02       95.19
         25 |         41        0.01       95.20
         47 |         86        0.02       95.21
      23589 |     23,589        4.79      100.00
------------+-----------------------------------
      Total |    492,848      100.00

. lab var osfpub_num "No. OSF pubs (by author)"

. 
. // Number of WoS records per author
. gen wospub = 0

.         replace wospub = 1 if uid != ""
(476,154 real changes made)

.         tab wospub, m

     wospub |      Freq.     Percent        Cum.
------------+-----------------------------------
          0 |     16,694        3.39        3.39
          1 |    476,154       96.61      100.00
------------+-----------------------------------
      Total |    492,848      100.00

. by responseid: egen wospub_num = total(wospub)

. tab wospub_num, m

 wospub_num |      Freq.     Percent        Cum.
------------+-----------------------------------
          0 |          8        0.00        0.00
          1 |        537        0.11        0.11
          2 |      1,443        0.29        0.40
          3 |      2,475        0.50        0.91
          4 |      3,363        0.68        1.59
          5 |      4,366        0.89        2.47
          6 |      4,799        0.97        3.45
          7 |      5,607        1.14        4.59
          8 |      5,736        1.16        5.75
          9 |      5,617        1.14        6.89
         10 |      6,349        1.29        8.18
         11 |      6,593        1.34        9.51
         12 |      6,710        1.36       10.88
         13 |      7,052        1.43       12.31
         14 |      7,361        1.49       13.80
         15 |      7,613        1.54       15.35
         16 |      7,880        1.60       16.94
         17 |      7,712        1.56       18.51
         18 |      6,941        1.41       19.92
         19 |      7,849        1.59       21.51
         20 |      7,245        1.47       22.98
         21 |      8,273        1.68       24.66
         22 |      7,599        1.54       26.20
         23 |      7,026        1.43       27.63
         24 |      7,075        1.44       29.06
         25 |      6,903        1.40       30.46
         26 |      6,856        1.39       31.85
         27 |      6,542        1.33       33.18
         28 |      6,169        1.25       34.43
         29 |      7,074        1.44       35.87
         30 |      6,168        1.25       37.12
         31 |      6,774        1.37       38.49
         32 |      6,865        1.39       39.89
         33 |      5,425        1.10       40.99
         34 |      5,388        1.09       42.08
         35 |      5,611        1.14       43.22
         36 |      5,909        1.20       44.42
         37 |      5,818        1.18       45.60
         38 |      5,260        1.07       46.67
         39 |      4,877        0.99       47.66
         40 |      5,055        1.03       48.68
         41 |      4,849        0.98       49.66
         42 |      3,958        0.80       50.47
         43 |      4,018        0.82       51.28
         44 |      4,547        0.92       52.21
         45 |      4,348        0.88       53.09
         46 |      4,103        0.83       53.92
         47 |      4,466        0.91       54.83
         48 |      4,675        0.95       55.78
         49 |      4,822        0.98       56.75
         50 |      3,703        0.75       57.50
         51 |      3,265        0.66       58.17
         52 |      3,901        0.79       58.96
         53 |      3,182        0.65       59.60
         54 |      3,731        0.76       60.36
         55 |      3,416        0.69       61.05
         56 |      2,857        0.58       61.63
         57 |      3,282        0.67       62.30
         58 |      3,601        0.73       63.03
         59 |      2,540        0.52       63.55
         60 |      2,883        0.58       64.13
         61 |      2,871        0.58       64.71
         62 |      3,044        0.62       65.33
         63 |      2,898        0.59       65.92
         64 |      3,074        0.62       66.54
         65 |      3,058        0.62       67.16
         66 |      2,046        0.42       67.58
         67 |      2,480        0.50       68.08
         68 |      2,518        0.51       68.59
         69 |      2,278        0.46       69.06
         70 |      2,522        0.51       69.57
         71 |      2,277        0.46       70.03
         72 |      2,016        0.41       70.44
         73 |      2,630        0.53       70.97
         74 |      2,813        0.57       71.54
         75 |      1,970        0.40       71.94
         76 |      2,434        0.49       72.44
         77 |      2,620        0.53       72.97
         78 |      1,950        0.40       73.36
         79 |      2,133        0.43       73.80
         80 |      2,401        0.49       74.28
         81 |      1,215        0.25       74.53
         82 |      1,886        0.38       74.91
         83 |      1,746        0.35       75.27
         84 |      1,093        0.22       75.49
         85 |      1,531        0.31       75.80
         86 |        946        0.19       75.99
         87 |      2,002        0.41       76.40
         88 |      1,937        0.39       76.79
         89 |      1,068        0.22       77.01
         90 |      1,081        0.22       77.23
         91 |      1,365        0.28       77.50
         92 |      1,380        0.28       77.78
         93 |        837        0.17       77.95
         94 |      1,222        0.25       78.20
         95 |      1,140        0.23       78.43
         96 |        864        0.18       78.61
         97 |      1,164        0.24       78.84
         98 |        784        0.16       79.00
         99 |      1,386        0.28       79.28
        100 |        401        0.08       79.37
        101 |      1,010        0.20       79.57
        102 |      1,326        0.27       79.84
        103 |        727        0.15       79.99
        104 |      1,144        0.23       80.22
        105 |      1,273        0.26       80.48
        106 |      1,060        0.22       80.69
        107 |        856        0.17       80.87
        108 |        972        0.20       81.06
        109 |      1,308        0.27       81.33
        110 |        990        0.20       81.53
        111 |        889        0.18       81.71
        112 |      1,232        0.25       81.96
        113 |        796        0.16       82.12
        114 |        798        0.16       82.28
        115 |        924        0.19       82.47
        116 |        696        0.14       82.61
        117 |      2,457        0.50       83.11
        118 |        826        0.17       83.28
        119 |        597        0.12       83.40
        120 |        840        0.17       83.57
        121 |        605        0.12       83.69
        122 |        732        0.15       83.84
        123 |        984        0.20       84.04
        124 |        373        0.08       84.12
        125 |        750        0.15       84.27
        126 |        630        0.13       84.40
        127 |        635        0.13       84.53
        128 |        768        0.16       84.68
        129 |        516        0.10       84.79
        130 |        520        0.11       84.89
        131 |      1,310        0.27       85.16
        132 |        396        0.08       85.24
        133 |        802        0.16       85.40
        134 |        268        0.05       85.45
        135 |        675        0.14       85.59
        136 |        272        0.06       85.65
        137 |        548        0.11       85.76
        138 |        414        0.08       85.84
        139 |      1,112        0.23       86.07
        140 |        700        0.14       86.21
        141 |        423        0.09       86.30
        142 |        710        0.14       86.44
        143 |        286        0.06       86.50
        144 |        720        0.15       86.64
        145 |        290        0.06       86.70
        146 |        442        0.09       86.79
        147 |        147        0.03       86.82
        148 |        740        0.15       86.97
        149 |        149        0.03       87.00
        150 |        300        0.06       87.06
        151 |        302        0.06       87.12
        152 |        152        0.03       87.16
        153 |        153        0.03       87.19
        154 |        309        0.06       87.25
        155 |        465        0.09       87.34
        156 |        312        0.06       87.41
        157 |        314        0.06       87.47
        158 |        475        0.10       87.57
        159 |        318        0.06       87.63
        160 |        800        0.16       87.79
        161 |        805        0.16       87.96
        162 |        486        0.10       88.06
        163 |        815        0.17       88.22
        164 |        492        0.10       88.32
        167 |        167        0.03       88.35
        168 |        672        0.14       88.49
        169 |        338        0.07       88.56
        170 |        170        0.03       88.59
        172 |        344        0.07       88.66
        173 |        346        0.07       88.73
        174 |        522        0.11       88.84
        175 |        700        0.14       88.98
        176 |        176        0.04       89.02
        177 |        354        0.07       89.09
        179 |        179        0.04       89.13
        180 |        180        0.04       89.16
        183 |        183        0.04       89.20
        184 |        368        0.07       89.27
        186 |        558        0.11       89.39
        187 |        187        0.04       89.43
        189 |        189        0.04       89.46
        190 |        192        0.04       89.50
        192 |        384        0.08       89.58
        197 |        394        0.08       89.66
        198 |        198        0.04       89.70
        199 |        199        0.04       89.74
        200 |        400        0.08       89.82
        201 |        603        0.12       89.94
        202 |        202        0.04       89.99
        203 |        203        0.04       90.03
        204 |        408        0.08       90.11
        205 |        615        0.12       90.23
        206 |        618        0.13       90.36
        208 |        416        0.08       90.44
        209 |        418        0.08       90.53
        210 |        420        0.09       90.61
        211 |        211        0.04       90.66
        212 |        212        0.04       90.70
        214 |        428        0.09       90.79
        216 |        216        0.04       90.83
        217 |        217        0.04       90.87
        221 |        442        0.09       90.96
        222 |        444        0.09       91.05
        223 |        223        0.05       91.10
        224 |        224        0.05       91.15
        225 |        225        0.05       91.19
        226 |        452        0.09       91.28
        228 |        228        0.05       91.33
        230 |        230        0.05       91.38
        231 |        462        0.09       91.47
        232 |        469        0.10       91.56
        233 |        233        0.05       91.61
        234 |        234        0.05       91.66
        235 |        235        0.05       91.71
        236 |        236        0.05       91.75
        238 |        238        0.05       91.80
        241 |        241        0.05       91.85
        244 |        488        0.10       91.95
        246 |        246        0.05       92.00
        248 |        496        0.10       92.10
        251 |        251        0.05       92.15
        252 |        252        0.05       92.20
        255 |        510        0.10       92.31
        257 |        257        0.05       92.36
        262 |        524        0.11       92.47
        264 |        264        0.05       92.52
        268 |        268        0.05       92.57
        269 |        269        0.05       92.63
        270 |        270        0.05       92.68
        271 |        542        0.11       92.79
        272 |        272        0.06       92.85
        274 |        548        0.11       92.96
        275 |        275        0.06       93.01
        277 |        554        0.11       93.13
        281 |        844        0.17       93.30
        286 |        286        0.06       93.36
        291 |        291        0.06       93.42
        295 |        295        0.06       93.48
        316 |        316        0.06       93.54
        318 |        318        0.06       93.60
        320 |        320        0.06       93.67
        327 |        327        0.07       93.74
        333 |        333        0.07       93.80
        335 |        335        0.07       93.87
        349 |        349        0.07       93.94
        363 |        363        0.07       94.02
        364 |        364        0.07       94.09
        388 |        388        0.08       94.17
        401 |        401        0.08       94.25
        426 |        426        0.09       94.34
        431 |        431        0.09       94.42
        467 |        467        0.09       94.52
        503 |        503        0.10       94.62
        519 |        519        0.11       94.73
        523 |        523        0.11       94.83
        784 |        784        0.16       94.99
       1099 |      1,100        0.22       95.21
       8066 |     23,589        4.79      100.00
------------+-----------------------------------
      Total |    492,848      100.00

. lab var wospub_num "No. WoS pubs (by author)"

. 
. // % of work they osfpub
. gen osfpub_percent = osfpub_num / wospub_num
(8 missing values generated)

. sum osfpub_percent

    Variable |        Obs        Mean    Std. dev.       Min        Max
-------------+---------------------------------------------------------
osfpub_per~t |    492,840    .1458606     .625008          0          4

. 
end of do-file

. do "/var/folders/yd/d3dz05pj2m3gb9v7zqphqkmh0000gt/T//SD35095.000000"

. * Pub status by osfpub
. table pub_status, ///
>         stat(fvpercent author_gender_woman) stat(fvpercent author_gender_man) 
> stat(fvpercent author_gender_nb)
variable pub_status not found
r(111);

end of do-file

r(111);

. do "/var/folders/yd/d3dz05pj2m3gb9v7zqphqkmh0000gt/T//SD35095.000000"

. // Publication status 
. gen pub_status = .
(492,848 missing values generated)

. lab define pub_status 1 "WoS + OSF Published" 2 "WoS only Published" 

. lab val pub_status pub_status

. replace pub_status = 1 if match_survey_osf == 3 & match_survey_wos == 3
match_survey_osf not found
r(111);

end of do-file

r(111);

. do "/var/folders/yd/d3dz05pj2m3gb9v7zqphqkmh0000gt/T//SD35095.000000"

. lab define pub_status 1 "WoS + OSF Published" 2 "WoS only Published" 3 "OSF on
> ly published"
label pub_status already defined
r(110);

end of do-file

r(110);

. do "/var/folders/yd/d3dz05pj2m3gb9v7zqphqkmh0000gt/T//SD35095.000000"

. capture log close osf20

. log using $stata/osf20_author_outcomes.smcl, name(osf20) replace text
--------------------------------------------------------------------------------
      name:  osf20
       log:  /Users/mmking/Documents/SocResearch/SocArXiv_gender/stata/osf20_aut
> hor_outcomes.smcl
  log type:  text
 opened on:  24 Feb 2025, 16:01:20

. 
. //      project:        SocArXiv
. 
. //  task:               Feminist Careers: Author Outcomes
. //                              Merge all WoS + OSF + Survey
. 
. //  github:     SocArXiv_gender
. //  author:     Molly King 
. 
. display "$S_DATE  $S_TIME"
24 Feb 2025  16:01:20

. 
. ***--------------------------***
. // PROGRAM SETUP
. ***--------------------------***
. 
. version 18 // keeps program consistent for future replications

. set linesize 80

. clear all

. set more off

. 
. ***--------------------------***
. 
. use $raw/authors_table.dta, clear

. drop if responseid == ""
(14,350 observations deleted)

. 
. merge 1:1 responseid using $clean/survey_clean.dta

    Result                      Number of obs
    -----------------------------------------
    Not matched                           301
        from master                         0  (_merge==1)
        from using                        301  (_merge==2)

    Matched                            19,607  (_merge==3)
    -----------------------------------------

. drop if _merge == 2
(301 observations deleted)

. drop _merge

. 
. merge 1:m jm_auth_id using $raw/papers_authors_crosswalk.dta

    Result                      Number of obs
    -----------------------------------------
    Not matched                        23,589
        from master                         0  (_merge==1)
        from using                     23,589  (_merge==2)

    Matched                           469,259  (_merge==3)
    -----------------------------------------

. *drop if _merge == 2 // authors not in survey
. drop _merge

. 
. merge m:1 jm_paper_id using $raw/papers_table_with_metadata.dta

    Result                      Number of obs
    -----------------------------------------
    Not matched                             0
    Matched                           492,848  (_merge==3)
    -----------------------------------------

. drop if _merge == 2 // authors not in survey
(0 observations deleted)

. drop _merge

. 
. 
. // create group id based on responseid (string)
. egen responseid_n = group(responseid)
(23,589 missing values generated)

. xtset responseid_n

Panel variable: responseid_n (unbalanced)

. 
. ***--------------------------***
. // VARIABLE CREATION
. ***--------------------------***
. 
. // Author ever posted to SocArXiv
. gen osfpub = .
(492,848 missing values generated)

.         replace osfpub = 0 if osfid == ""
(466,774 real changes made)

.         replace osfpub = 1 if osfid != ""
(26,074 real changes made)

. lab var osfpub "Paper submitted to OSF - binary 1 yes 0 no"

. tab osfpub, m

      Paper |
  submitted |
   to OSF - |
   binary 1 |
   yes 0 no |      Freq.     Percent        Cum.
------------+-----------------------------------
          0 |    466,774       94.71       94.71
          1 |     26,074        5.29      100.00
------------+-----------------------------------
      Total |    492,848      100.00

. 
. bysort responseid: egen osfpub_ever = max(osfpub)

.         tab osfpub_ever, m

osfpub_ever |      Freq.     Percent        Cum.
------------+-----------------------------------
          0 |    438,679       89.01       89.01
          1 |     54,169       10.99      100.00
------------+-----------------------------------
      Total |    492,848      100.00

.         lab var osfpub_ever "responseid ever had osf_paperid in dataset"

.         lab define osfpub_ever ///
>                 0 "never osfpub (author level)" ///
>                 1 "osfpub ever (author level)"

.         lab val osfpub_ever osfpub_ever

.         
. // Number of osfpubs per author
. bysort responseid: egen osfpub_num = total(osfpub)

. tab osfpub_num

 osfpub_num |      Freq.     Percent        Cum.
------------+-----------------------------------
          0 |    438,679       89.01       89.01
          1 |     15,386        3.12       92.13
          2 |      5,220        1.06       93.19
          3 |      1,751        0.36       93.55
          4 |      2,593        0.53       94.07
          5 |      1,462        0.30       94.37
          6 |        646        0.13       94.50
          7 |        833        0.17       94.67
          8 |        589        0.12       94.79
          9 |        229        0.05       94.83
         10 |         71        0.01       94.85
         11 |        295        0.06       94.91
         12 |        383        0.08       94.99
         13 |         36        0.01       94.99
         14 |         19        0.00       95.00
         15 |        146        0.03       95.03
         16 |        298        0.06       95.09
         18 |         54        0.01       95.10
         19 |        174        0.04       95.13
         21 |        142        0.03       95.16
         22 |         34        0.01       95.17
         23 |         92        0.02       95.19
         25 |         41        0.01       95.20
         47 |         86        0.02       95.21
      23589 |     23,589        4.79      100.00
------------+-----------------------------------
      Total |    492,848      100.00

. lab var osfpub_num "No. OSF pubs (by author)"

. 
. // Number of WoS records per author
. gen wospub = 0

.         replace wospub = 1 if uid != ""
(476,154 real changes made)

.         tab wospub, m

     wospub |      Freq.     Percent        Cum.
------------+-----------------------------------
          0 |     16,694        3.39        3.39
          1 |    476,154       96.61      100.00
------------+-----------------------------------
      Total |    492,848      100.00

. by responseid: egen wospub_num = total(wospub)

. tab wospub_num, m

 wospub_num |      Freq.     Percent        Cum.
------------+-----------------------------------
          0 |          8        0.00        0.00
          1 |        537        0.11        0.11
          2 |      1,443        0.29        0.40
          3 |      2,475        0.50        0.91
          4 |      3,363        0.68        1.59
          5 |      4,366        0.89        2.47
          6 |      4,799        0.97        3.45
          7 |      5,607        1.14        4.59
          8 |      5,736        1.16        5.75
          9 |      5,617        1.14        6.89
         10 |      6,349        1.29        8.18
         11 |      6,593        1.34        9.51
         12 |      6,710        1.36       10.88
         13 |      7,052        1.43       12.31
         14 |      7,361        1.49       13.80
         15 |      7,613        1.54       15.35
         16 |      7,880        1.60       16.94
         17 |      7,712        1.56       18.51
         18 |      6,941        1.41       19.92
         19 |      7,849        1.59       21.51
         20 |      7,245        1.47       22.98
         21 |      8,273        1.68       24.66
         22 |      7,599        1.54       26.20
         23 |      7,026        1.43       27.63
         24 |      7,075        1.44       29.06
         25 |      6,903        1.40       30.46
         26 |      6,856        1.39       31.85
         27 |      6,542        1.33       33.18
         28 |      6,169        1.25       34.43
         29 |      7,074        1.44       35.87
         30 |      6,168        1.25       37.12
         31 |      6,774        1.37       38.49
         32 |      6,865        1.39       39.89
         33 |      5,425        1.10       40.99
         34 |      5,388        1.09       42.08
         35 |      5,611        1.14       43.22
         36 |      5,909        1.20       44.42
         37 |      5,818        1.18       45.60
         38 |      5,260        1.07       46.67
         39 |      4,877        0.99       47.66
         40 |      5,055        1.03       48.68
         41 |      4,849        0.98       49.66
         42 |      3,958        0.80       50.47
         43 |      4,018        0.82       51.28
         44 |      4,547        0.92       52.21
         45 |      4,348        0.88       53.09
         46 |      4,103        0.83       53.92
         47 |      4,466        0.91       54.83
         48 |      4,675        0.95       55.78
         49 |      4,822        0.98       56.75
         50 |      3,703        0.75       57.50
         51 |      3,265        0.66       58.17
         52 |      3,901        0.79       58.96
         53 |      3,182        0.65       59.60
         54 |      3,731        0.76       60.36
         55 |      3,416        0.69       61.05
         56 |      2,857        0.58       61.63
         57 |      3,282        0.67       62.30
         58 |      3,601        0.73       63.03
         59 |      2,540        0.52       63.55
         60 |      2,883        0.58       64.13
         61 |      2,871        0.58       64.71
         62 |      3,044        0.62       65.33
         63 |      2,898        0.59       65.92
         64 |      3,074        0.62       66.54
         65 |      3,058        0.62       67.16
         66 |      2,046        0.42       67.58
         67 |      2,480        0.50       68.08
         68 |      2,518        0.51       68.59
         69 |      2,278        0.46       69.06
         70 |      2,522        0.51       69.57
         71 |      2,277        0.46       70.03
         72 |      2,016        0.41       70.44
         73 |      2,630        0.53       70.97
         74 |      2,813        0.57       71.54
         75 |      1,970        0.40       71.94
         76 |      2,434        0.49       72.44
         77 |      2,620        0.53       72.97
         78 |      1,950        0.40       73.36
         79 |      2,133        0.43       73.80
         80 |      2,401        0.49       74.28
         81 |      1,215        0.25       74.53
         82 |      1,886        0.38       74.91
         83 |      1,746        0.35       75.27
         84 |      1,093        0.22       75.49
         85 |      1,531        0.31       75.80
         86 |        946        0.19       75.99
         87 |      2,002        0.41       76.40
         88 |      1,937        0.39       76.79
         89 |      1,068        0.22       77.01
         90 |      1,081        0.22       77.23
         91 |      1,365        0.28       77.50
         92 |      1,380        0.28       77.78
         93 |        837        0.17       77.95
         94 |      1,222        0.25       78.20
         95 |      1,140        0.23       78.43
         96 |        864        0.18       78.61
         97 |      1,164        0.24       78.84
         98 |        784        0.16       79.00
         99 |      1,386        0.28       79.28
        100 |        401        0.08       79.37
        101 |      1,010        0.20       79.57
        102 |      1,326        0.27       79.84
        103 |        727        0.15       79.99
        104 |      1,144        0.23       80.22
        105 |      1,273        0.26       80.48
        106 |      1,060        0.22       80.69
        107 |        856        0.17       80.87
        108 |        972        0.20       81.06
        109 |      1,308        0.27       81.33
        110 |        990        0.20       81.53
        111 |        889        0.18       81.71
        112 |      1,232        0.25       81.96
        113 |        796        0.16       82.12
        114 |        798        0.16       82.28
        115 |        924        0.19       82.47
        116 |        696        0.14       82.61
        117 |      2,457        0.50       83.11
        118 |        826        0.17       83.28
        119 |        597        0.12       83.40
        120 |        840        0.17       83.57
        121 |        605        0.12       83.69
        122 |        732        0.15       83.84
        123 |        984        0.20       84.04
        124 |        373        0.08       84.12
        125 |        750        0.15       84.27
        126 |        630        0.13       84.40
        127 |        635        0.13       84.53
        128 |        768        0.16       84.68
        129 |        516        0.10       84.79
        130 |        520        0.11       84.89
        131 |      1,310        0.27       85.16
        132 |        396        0.08       85.24
        133 |        802        0.16       85.40
        134 |        268        0.05       85.45
        135 |        675        0.14       85.59
        136 |        272        0.06       85.65
        137 |        548        0.11       85.76
        138 |        414        0.08       85.84
        139 |      1,112        0.23       86.07
        140 |        700        0.14       86.21
        141 |        423        0.09       86.30
        142 |        710        0.14       86.44
        143 |        286        0.06       86.50
        144 |        720        0.15       86.64
        145 |        290        0.06       86.70
        146 |        442        0.09       86.79
        147 |        147        0.03       86.82
        148 |        740        0.15       86.97
        149 |        149        0.03       87.00
        150 |        300        0.06       87.06
        151 |        302        0.06       87.12
        152 |        152        0.03       87.16
        153 |        153        0.03       87.19
        154 |        309        0.06       87.25
        155 |        465        0.09       87.34
        156 |        312        0.06       87.41
        157 |        314        0.06       87.47
        158 |        475        0.10       87.57
        159 |        318        0.06       87.63
        160 |        800        0.16       87.79
        161 |        805        0.16       87.96
        162 |        486        0.10       88.06
        163 |        815        0.17       88.22
        164 |        492        0.10       88.32
        167 |        167        0.03       88.35
        168 |        672        0.14       88.49
        169 |        338        0.07       88.56
        170 |        170        0.03       88.59
        172 |        344        0.07       88.66
        173 |        346        0.07       88.73
        174 |        522        0.11       88.84
        175 |        700        0.14       88.98
        176 |        176        0.04       89.02
        177 |        354        0.07       89.09
        179 |        179        0.04       89.13
        180 |        180        0.04       89.16
        183 |        183        0.04       89.20
        184 |        368        0.07       89.27
        186 |        558        0.11       89.39
        187 |        187        0.04       89.43
        189 |        189        0.04       89.46
        190 |        192        0.04       89.50
        192 |        384        0.08       89.58
        197 |        394        0.08       89.66
        198 |        198        0.04       89.70
        199 |        199        0.04       89.74
        200 |        400        0.08       89.82
        201 |        603        0.12       89.94
        202 |        202        0.04       89.99
        203 |        203        0.04       90.03
        204 |        408        0.08       90.11
        205 |        615        0.12       90.23
        206 |        618        0.13       90.36
        208 |        416        0.08       90.44
        209 |        418        0.08       90.53
        210 |        420        0.09       90.61
        211 |        211        0.04       90.66
        212 |        212        0.04       90.70
        214 |        428        0.09       90.79
        216 |        216        0.04       90.83
        217 |        217        0.04       90.87
        221 |        442        0.09       90.96
        222 |        444        0.09       91.05
        223 |        223        0.05       91.10
        224 |        224        0.05       91.15
        225 |        225        0.05       91.19
        226 |        452        0.09       91.28
        228 |        228        0.05       91.33
        230 |        230        0.05       91.38
        231 |        462        0.09       91.47
        232 |        469        0.10       91.56
        233 |        233        0.05       91.61
        234 |        234        0.05       91.66
        235 |        235        0.05       91.71
        236 |        236        0.05       91.75
        238 |        238        0.05       91.80
        241 |        241        0.05       91.85
        244 |        488        0.10       91.95
        246 |        246        0.05       92.00
        248 |        496        0.10       92.10
        251 |        251        0.05       92.15
        252 |        252        0.05       92.20
        255 |        510        0.10       92.31
        257 |        257        0.05       92.36
        262 |        524        0.11       92.47
        264 |        264        0.05       92.52
        268 |        268        0.05       92.57
        269 |        269        0.05       92.63
        270 |        270        0.05       92.68
        271 |        542        0.11       92.79
        272 |        272        0.06       92.85
        274 |        548        0.11       92.96
        275 |        275        0.06       93.01
        277 |        554        0.11       93.13
        281 |        844        0.17       93.30
        286 |        286        0.06       93.36
        291 |        291        0.06       93.42
        295 |        295        0.06       93.48
        316 |        316        0.06       93.54
        318 |        318        0.06       93.60
        320 |        320        0.06       93.67
        327 |        327        0.07       93.74
        333 |        333        0.07       93.80
        335 |        335        0.07       93.87
        349 |        349        0.07       93.94
        363 |        363        0.07       94.02
        364 |        364        0.07       94.09
        388 |        388        0.08       94.17
        401 |        401        0.08       94.25
        426 |        426        0.09       94.34
        431 |        431        0.09       94.42
        467 |        467        0.09       94.52
        503 |        503        0.10       94.62
        519 |        519        0.11       94.73
        523 |        523        0.11       94.83
        784 |        784        0.16       94.99
       1099 |      1,100        0.22       95.21
       8066 |     23,589        4.79      100.00
------------+-----------------------------------
      Total |    492,848      100.00

. lab var wospub_num "No. WoS pubs (by author)"

. 
. // % of work they osfpub
. gen osfpub_percent = osfpub_num / wospub_num
(8 missing values generated)

. sum osfpub_percent

    Variable |        Obs        Mean    Std. dev.       Min        Max
-------------+---------------------------------------------------------
osfpub_per~t |    492,840    .1458606     .625008          0          4

. 
. 
. // Publication status 
. gen pub_status = .
(492,848 missing values generated)

. lab define pub_status 1 "WoS + OSF Published" 2 "WoS only Published" 3 "OSF on
> ly published"

. lab val pub_status pub_status

. replace pub_status = 1 if osfpub == 1 & wospub == 1
(9,380 real changes made)

. replace pub_status = 2 if osfpub == 0 & wospub == 1
(466,774 real changes made)

. replace pub_status = 3 if osfpub == 1 & wospub == 0
(16,694 real changes made)

. 
end of do-file

. do "/var/folders/yd/d3dz05pj2m3gb9v7zqphqkmh0000gt/T//SD35095.000000"

. tab pub_status osfpub, m

                    |  Paper submitted to
                    | OSF - binary 1 yes 0
                    |          no
         pub_status |         0          1 |     Total
--------------------+----------------------+----------
WoS + OSF Published |         0      9,380 |     9,380 
 WoS only Published |   466,774          0 |   466,774 
 OSF only published |         0     16,694 |    16,694 
--------------------+----------------------+----------
              Total |   466,774     26,074 |   492,848 

. 
end of do-file

. do "/var/folders/yd/d3dz05pj2m3gb9v7zqphqkmh0000gt/T//SD35095.000000"

. tab pub_status wospub, m

                    |        wospub
         pub_status |         0          1 |     Total
--------------------+----------------------+----------
WoS + OSF Published |         0      9,380 |     9,380 
 WoS only Published |         0    466,774 |   466,774 
 OSF only published |    16,694          0 |    16,694 
--------------------+----------------------+----------
              Total |    16,694    476,154 |   492,848 

. 
end of do-file

. do "/var/folders/yd/d3dz05pj2m3gb9v7zqphqkmh0000gt/T//SD35095.000000"

. 
. * Pub status by osfpub
. table pub_status, ///
>         stat(fvpercent author_gender_woman) stat(fvpercent author_gender_man) 
> stat(fvpercent author_gender_nb)

----------------------------------------------------------------------------------------------------------
                      |   Author gender woman=1 not=0     Author gender man=1 not=0     author_gender_tnb 
                      |        Not woman         Woman         Not man           Man           0         1
----------------------+-----------------------------------------------------------------------------------
pub_status            |                                                                                   
  WoS + OSF Published |            72.91         27.09           30.67         69.33       99.16      0.84
  WoS only Published  |            67.62         32.38           36.91         63.09       99.54      0.46
  OSF only published  |            71.31         28.69           31.51         68.49       99.40      0.60
  Total               |            67.64         32.36           36.88         63.12       99.54      0.46
----------------------------------------------------------------------------------------------------------

. 
end of do-file

. do "/var/folders/yd/d3dz05pj2m3gb9v7zqphqkmh0000gt/T//SD35095.000000"

. table author_gender_woman, stat(fvpercent pub_status) stat(frequency)

--------------------------------------------------------------------------------------------------------
                            |                     Factor-variable percent                      Frequency
                            |                            pub_status                                     
                            |  WoS + OSF Published   WoS only Published   OSF only published            
----------------------------+---------------------------------------------------------------------------
Author gender woman=1 not=0 |                                                                           
  Not woman                 |                 0.30                99.44                 0.26     317,427
  Woman                     |                 0.23                99.54                 0.22     151,832
  Total                     |                 0.28                99.47                 0.25     469,259
--------------------------------------------------------------------------------------------------------

. 
end of do-file

. do "/var/folders/yd/d3dz05pj2m3gb9v7zqphqkmh0000gt/T//SD35095.000000"

. table author_gender_woman if pub_status == 2, stat(percent) stat(frequency)

--------------------------------------------------
                            |  Percent   Frequency
----------------------------+---------------------
Author gender woman=1 not=0 |                     
  Not woman                 |    67.62     315,634
  Woman                     |    32.38     151,140
  Total                     |   100.00     466,774
--------------------------------------------------

. 
end of do-file

. do "/var/folders/yd/d3dz05pj2m3gb9v7zqphqkmh0000gt/T//SD35095.000000"

. tab author_gender pub_status
author_gender ambiguous abbreviation
r(111);

end of do-file

r(111);

. do "/var/folders/yd/d3dz05pj2m3gb9v7zqphqkmh0000gt/T//SD35095.000000"

. tab pub_status  author_gender_woman

                    | Author gender woman=1
                    |         not=0
         pub_status | Not woman      Woman |     Total
--------------------+----------------------+----------
WoS + OSF Published |       958        356 |     1,314 
 WoS only Published |   315,634    151,140 |   466,774 
 OSF only published |       835        336 |     1,171 
--------------------+----------------------+----------
              Total |   317,427    151,832 |   469,259 

. 
end of do-file

. do "/var/folders/yd/d3dz05pj2m3gb9v7zqphqkmh0000gt/T//SD35095.000000"

. table author_gender_woman, stat(fvpercent pub_status) stat(frequency)

--------------------------------------------------------------------------------------------------------
                            |                     Factor-variable percent                      Frequency
                            |                            pub_status                                     
                            |  WoS + OSF Published   WoS only Published   OSF only published            
----------------------------+---------------------------------------------------------------------------
Author gender woman=1 not=0 |                                                                           
  Not woman                 |                 0.30                99.44                 0.26     317,427
  Woman                     |                 0.23                99.54                 0.22     151,832
  Total                     |                 0.28                99.47                 0.25     469,259
--------------------------------------------------------------------------------------------------------

. 
end of do-file

. do "/var/folders/yd/d3dz05pj2m3gb9v7zqphqkmh0000gt/T//SD35095.000000"

. table pub_status, ///
>         stat(fvpercent author_gender_woman) stat(fvpercent author_gender_man) stat(
> fvpercent author_gender_nb)

----------------------------------------------------------------------------------------------------------
                      |   Author gender woman=1 not=0     Author gender man=1 not=0     author_gender_tnb 
                      |        Not woman         Woman         Not man           Man           0         1
----------------------+-----------------------------------------------------------------------------------
pub_status            |                                                                                   
  WoS + OSF Published |            72.91         27.09           30.67         69.33       99.16      0.84
  WoS only Published  |            67.62         32.38           36.91         63.09       99.54      0.46
  OSF only published  |            71.31         28.69           31.51         68.49       99.40      0.60
  Total               |            67.64         32.36           36.88         63.12       99.54      0.46
----------------------------------------------------------------------------------------------------------

. 
end of do-file

. do "/var/folders/yd/d3dz05pj2m3gb9v7zqphqkmh0000gt/T//SD35095.000000"

. table osfpub, ///
>         stat(fvpercent author_gender_woman)

---------------------------------------------------------------------------
                                           |   Author gender woman=1 not=0 
                                           |        Not woman         Woman
-------------------------------------------+-------------------------------
Paper submitted to OSF - binary 1 yes 0 no |                               
  0                                        |            67.62         32.38
  1                                        |            72.15         27.85
  Total                                    |            67.64         32.36
---------------------------------------------------------------------------

. 
end of do-file

. do "/var/folders/yd/d3dz05pj2m3gb9v7zqphqkmh0000gt/T//SD35095.000000"

. table osfpub, ///
>         stat(fvpercent author_gender_woman) stat(frequency author_gender_woman)
statistic frequency incorrectly specified; varlist not allowed
r(100);

end of do-file

r(100);

. do "/var/folders/yd/d3dz05pj2m3gb9v7zqphqkmh0000gt/T//SD35095.000000"

. table osfpub, ///
>         stat(fvpercent author_gender_woman) stat(frequency)

---------------------------------------------------------------------------------------
                                           |     Factor-variable percent      Frequency
                                           |   Author gender woman=1 not=0             
                                           |        Not woman         Woman            
-------------------------------------------+-------------------------------------------
Paper submitted to OSF - binary 1 yes 0 no |                                           
  0                                        |            67.62         32.38     466,774
  1                                        |            72.15         27.85      26,074
  Total                                    |            67.64         32.36     492,848
---------------------------------------------------------------------------------------

. 
end of do-file

. do "/var/folders/yd/d3dz05pj2m3gb9v7zqphqkmh0000gt/T//SD35095.000000"

. 
. table osfpub, ///
>         stat(fvpercent author_gender_woman) stat(fvpercent author_gender_man) stat(fvpercent author_
> gender_nb) ///
>         stat(frequency)

-------------------------------------------------------------------------------------------------------------------------------------------
                                           |                               Factor-variable percent                                Frequency
                                           |   Author gender woman=1 not=0     Author gender man=1 not=0     author_gender_tnb             
                                           |        Not woman         Woman         Not man           Man           0         1            
-------------------------------------------+-----------------------------------------------------------------------------------------------
Paper submitted to OSF - binary 1 yes 0 no |                                                                                               
  0                                        |            67.62         32.38           36.91         63.09       99.54      0.46     466,774
  1                                        |            72.15         27.85           31.07         68.93       99.28      0.72      26,074
  Total                                    |            67.64         32.36           36.88         63.12       99.54      0.46     492,848
-------------------------------------------------------------------------------------------------------------------------------------------

. 
end of do-file

. do "/var/folders/yd/d3dz05pj2m3gb9v7zqphqkmh0000gt/T//SD35095.000000"

. table author_gender_woman, stat(fvpercent pub_status) stat(frequency)

--------------------------------------------------------------------------------------------------------
                            |                     Factor-variable percent                      Frequency
                            |                            pub_status                                     
                            |  WoS + OSF Published   WoS only Published   OSF only published            
----------------------------+---------------------------------------------------------------------------
Author gender woman=1 not=0 |                                                                           
  Not woman                 |                 0.30                99.44                 0.26     317,427
  Woman                     |                 0.23                99.54                 0.22     151,832
  Total                     |                 0.28                99.47                 0.25     469,259
--------------------------------------------------------------------------------------------------------

. 
end of do-file

. do "/var/folders/yd/d3dz05pj2m3gb9v7zqphqkmh0000gt/T//SD35095.000000"

. capture log close osf20

. log using $stata/osf20_author_outcomes.smcl, name(osf20) replace text
----------------------------------------------------------------------------------------------------------
      name:  osf20
       log:  /Users/mmking/Documents/SocResearch/SocArXiv_gender/stata/osf20_author_outcomes.smcl
  log type:  text
 opened on:  24 Feb 2025, 16:25:47

. 
. //      project:        SocArXiv
. 
. //  task:               Feminist Careers: Author Outcomes
. //                              Merge all WoS + OSF + Survey
. 
. //  github:     SocArXiv_gender
. //  author:     Molly King 
. 
. display "$S_DATE  $S_TIME"
24 Feb 2025  16:25:47

. 
. ***--------------------------***
. // PROGRAM SETUP
. ***--------------------------***
. 
. version 18 // keeps program consistent for future replications

. set linesize 80

. clear all

. set more off

. 
. ***--------------------------***
. 
. use $raw/authors_table.dta, clear

. drop if responseid == ""
(14,350 observations deleted)

. 
. merge 1:1 responseid using $clean/survey_clean.dta

    Result                      Number of obs
    -----------------------------------------
    Not matched                           301
        from master                         0  (_merge==1)
        from using                        301  (_merge==2)

    Matched                            19,607  (_merge==3)
    -----------------------------------------

. drop if _merge == 2
(301 observations deleted)

. drop _merge

. 
. merge 1:m jm_auth_id using $raw/papers_authors_crosswalk.dta

    Result                      Number of obs
    -----------------------------------------
    Not matched                        23,589
        from master                         0  (_merge==1)
        from using                     23,589  (_merge==2)

    Matched                           469,259  (_merge==3)
    -----------------------------------------

. *drop if _merge == 2 // authors not in survey
. drop _merge

. 
. merge m:1 jm_paper_id using $raw/papers_table_with_metadata.dta

    Result                      Number of obs
    -----------------------------------------
    Not matched                             0
    Matched                           492,848  (_merge==3)
    -----------------------------------------

. drop if _merge == 2 // authors not in survey
(0 observations deleted)

. drop _merge

. 
. ***--------------------------***
. // VARIABLE CREATION
. ***--------------------------***
. 
. // Author ever posted to SocArXiv
. gen osfpub = .
(492,848 missing values generated)

.         replace osfpub = 0 if osfid == ""
(466,774 real changes made)

.         replace osfpub = 1 if osfid != ""
(26,074 real changes made)

. lab var osfpub "Paper submitted to OSF - binary 1 yes 0 no"

. tab osfpub, m

      Paper |
  submitted |
   to OSF - |
   binary 1 |
   yes 0 no |      Freq.     Percent        Cum.
------------+-----------------------------------
          0 |    466,774       94.71       94.71
          1 |     26,074        5.29      100.00
------------+-----------------------------------
      Total |    492,848      100.00

. 
. bysort responseid: egen osfpub_ever = max(osfpub)

.         tab osfpub_ever, m

osfpub_ever |      Freq.     Percent        Cum.
------------+-----------------------------------
          0 |    438,679       89.01       89.01
          1 |     54,169       10.99      100.00
------------+-----------------------------------
      Total |    492,848      100.00

.         lab var osfpub_ever "responseid ever had osf_paperid in dataset"

.         lab define osfpub_ever ///
>                 0 "never osfpub (author level)" ///
>                 1 "osfpub ever (author level)"

.         lab val osfpub_ever osfpub_ever

.         
. // Number of osfpubs per author
. bysort responseid: egen osfpub_num = total(osfpub)

. tab osfpub_num

 osfpub_num |      Freq.     Percent        Cum.
------------+-----------------------------------
          0 |    438,679       89.01       89.01
          1 |     15,386        3.12       92.13
          2 |      5,220        1.06       93.19
          3 |      1,751        0.36       93.55
          4 |      2,593        0.53       94.07
          5 |      1,462        0.30       94.37
          6 |        646        0.13       94.50
          7 |        833        0.17       94.67
          8 |        589        0.12       94.79
          9 |        229        0.05       94.83
         10 |         71        0.01       94.85
         11 |        295        0.06       94.91
         12 |        383        0.08       94.99
         13 |         36        0.01       94.99
         14 |         19        0.00       95.00
         15 |        146        0.03       95.03
         16 |        298        0.06       95.09
         18 |         54        0.01       95.10
         19 |        174        0.04       95.13
         21 |        142        0.03       95.16
         22 |         34        0.01       95.17
         23 |         92        0.02       95.19
         25 |         41        0.01       95.20
         47 |         86        0.02       95.21
      23589 |     23,589        4.79      100.00
------------+-----------------------------------
      Total |    492,848      100.00

. lab var osfpub_num "No. OSF pubs (by author)"

. 
. // Number of WoS records per author
. gen wospub = 0

.         replace wospub = 1 if uid != ""
(476,154 real changes made)

.         tab wospub, m

     wospub |      Freq.     Percent        Cum.
------------+-----------------------------------
          0 |     16,694        3.39        3.39
          1 |    476,154       96.61      100.00
------------+-----------------------------------
      Total |    492,848      100.00

. by responseid: egen wospub_num = total(wospub)

. tab wospub_num, m

 wospub_num |      Freq.     Percent        Cum.
------------+-----------------------------------
          0 |          8        0.00        0.00
          1 |        537        0.11        0.11
          2 |      1,443        0.29        0.40
          3 |      2,475        0.50        0.91
          4 |      3,363        0.68        1.59
          5 |      4,366        0.89        2.47
          6 |      4,799        0.97        3.45
          7 |      5,607        1.14        4.59
          8 |      5,736        1.16        5.75
          9 |      5,617        1.14        6.89
         10 |      6,349        1.29        8.18
         11 |      6,593        1.34        9.51
         12 |      6,710        1.36       10.88
         13 |      7,052        1.43       12.31
         14 |      7,361        1.49       13.80
         15 |      7,613        1.54       15.35
         16 |      7,880        1.60       16.94
         17 |      7,712        1.56       18.51
         18 |      6,941        1.41       19.92
         19 |      7,849        1.59       21.51
         20 |      7,245        1.47       22.98
         21 |      8,273        1.68       24.66
         22 |      7,599        1.54       26.20
         23 |      7,026        1.43       27.63
         24 |      7,075        1.44       29.06
         25 |      6,903        1.40       30.46
         26 |      6,856        1.39       31.85
         27 |      6,542        1.33       33.18
         28 |      6,169        1.25       34.43
         29 |      7,074        1.44       35.87
         30 |      6,168        1.25       37.12
         31 |      6,774        1.37       38.49
         32 |      6,865        1.39       39.89
         33 |      5,425        1.10       40.99
         34 |      5,388        1.09       42.08
         35 |      5,611        1.14       43.22
         36 |      5,909        1.20       44.42
         37 |      5,818        1.18       45.60
         38 |      5,260        1.07       46.67
         39 |      4,877        0.99       47.66
         40 |      5,055        1.03       48.68
         41 |      4,849        0.98       49.66
         42 |      3,958        0.80       50.47
         43 |      4,018        0.82       51.28
         44 |      4,547        0.92       52.21
         45 |      4,348        0.88       53.09
         46 |      4,103        0.83       53.92
         47 |      4,466        0.91       54.83
         48 |      4,675        0.95       55.78
         49 |      4,822        0.98       56.75
         50 |      3,703        0.75       57.50
         51 |      3,265        0.66       58.17
         52 |      3,901        0.79       58.96
         53 |      3,182        0.65       59.60
         54 |      3,731        0.76       60.36
         55 |      3,416        0.69       61.05
         56 |      2,857        0.58       61.63
         57 |      3,282        0.67       62.30
         58 |      3,601        0.73       63.03
         59 |      2,540        0.52       63.55
         60 |      2,883        0.58       64.13
         61 |      2,871        0.58       64.71
         62 |      3,044        0.62       65.33
         63 |      2,898        0.59       65.92
         64 |      3,074        0.62       66.54
         65 |      3,058        0.62       67.16
         66 |      2,046        0.42       67.58
         67 |      2,480        0.50       68.08
         68 |      2,518        0.51       68.59
         69 |      2,278        0.46       69.06
         70 |      2,522        0.51       69.57
         71 |      2,277        0.46       70.03
         72 |      2,016        0.41       70.44
         73 |      2,630        0.53       70.97
         74 |      2,813        0.57       71.54
         75 |      1,970        0.40       71.94
         76 |      2,434        0.49       72.44
         77 |      2,620        0.53       72.97
         78 |      1,950        0.40       73.36
         79 |      2,133        0.43       73.80
         80 |      2,401        0.49       74.28
         81 |      1,215        0.25       74.53
         82 |      1,886        0.38       74.91
         83 |      1,746        0.35       75.27
         84 |      1,093        0.22       75.49
         85 |      1,531        0.31       75.80
         86 |        946        0.19       75.99
         87 |      2,002        0.41       76.40
         88 |      1,937        0.39       76.79
         89 |      1,068        0.22       77.01
         90 |      1,081        0.22       77.23
         91 |      1,365        0.28       77.50
         92 |      1,380        0.28       77.78
         93 |        837        0.17       77.95
         94 |      1,222        0.25       78.20
         95 |      1,140        0.23       78.43
         96 |        864        0.18       78.61
         97 |      1,164        0.24       78.84
         98 |        784        0.16       79.00
         99 |      1,386        0.28       79.28
        100 |        401        0.08       79.37
        101 |      1,010        0.20       79.57
        102 |      1,326        0.27       79.84
        103 |        727        0.15       79.99
        104 |      1,144        0.23       80.22
        105 |      1,273        0.26       80.48
        106 |      1,060        0.22       80.69
        107 |        856        0.17       80.87
        108 |        972        0.20       81.06
        109 |      1,308        0.27       81.33
        110 |        990        0.20       81.53
        111 |        889        0.18       81.71
        112 |      1,232        0.25       81.96
        113 |        796        0.16       82.12
        114 |        798        0.16       82.28
        115 |        924        0.19       82.47
        116 |        696        0.14       82.61
        117 |      2,457        0.50       83.11
        118 |        826        0.17       83.28
        119 |        597        0.12       83.40
        120 |        840        0.17       83.57
        121 |        605        0.12       83.69
        122 |        732        0.15       83.84
        123 |        984        0.20       84.04
        124 |        373        0.08       84.12
        125 |        750        0.15       84.27
        126 |        630        0.13       84.40
        127 |        635        0.13       84.53
        128 |        768        0.16       84.68
        129 |        516        0.10       84.79
        130 |        520        0.11       84.89
        131 |      1,310        0.27       85.16
        132 |        396        0.08       85.24
        133 |        802        0.16       85.40
        134 |        268        0.05       85.45
        135 |        675        0.14       85.59
        136 |        272        0.06       85.65
        137 |        548        0.11       85.76
        138 |        414        0.08       85.84
        139 |      1,112        0.23       86.07
        140 |        700        0.14       86.21
        141 |        423        0.09       86.30
        142 |        710        0.14       86.44
        143 |        286        0.06       86.50
        144 |        720        0.15       86.64
        145 |        290        0.06       86.70
        146 |        442        0.09       86.79
        147 |        147        0.03       86.82
        148 |        740        0.15       86.97
        149 |        149        0.03       87.00
        150 |        300        0.06       87.06
        151 |        302        0.06       87.12
        152 |        152        0.03       87.16
        153 |        153        0.03       87.19
        154 |        309        0.06       87.25
        155 |        465        0.09       87.34
        156 |        312        0.06       87.41
        157 |        314        0.06       87.47
        158 |        475        0.10       87.57
        159 |        318        0.06       87.63
        160 |        800        0.16       87.79
        161 |        805        0.16       87.96
        162 |        486        0.10       88.06
        163 |        815        0.17       88.22
        164 |        492        0.10       88.32
        167 |        167        0.03       88.35
        168 |        672        0.14       88.49
        169 |        338        0.07       88.56
        170 |        170        0.03       88.59
        172 |        344        0.07       88.66
        173 |        346        0.07       88.73
        174 |        522        0.11       88.84
        175 |        700        0.14       88.98
        176 |        176        0.04       89.02
        177 |        354        0.07       89.09
        179 |        179        0.04       89.13
        180 |        180        0.04       89.16
        183 |        183        0.04       89.20
        184 |        368        0.07       89.27
        186 |        558        0.11       89.39
        187 |        187        0.04       89.43
        189 |        189        0.04       89.46
        190 |        192        0.04       89.50
        192 |        384        0.08       89.58
        197 |        394        0.08       89.66
        198 |        198        0.04       89.70
        199 |        199        0.04       89.74
        200 |        400        0.08       89.82
        201 |        603        0.12       89.94
        202 |        202        0.04       89.99
        203 |        203        0.04       90.03
        204 |        408        0.08       90.11
        205 |        615        0.12       90.23
        206 |        618        0.13       90.36
        208 |        416        0.08       90.44
        209 |        418        0.08       90.53
        210 |        420        0.09       90.61
        211 |        211        0.04       90.66
        212 |        212        0.04       90.70
        214 |        428        0.09       90.79
        216 |        216        0.04       90.83
        217 |        217        0.04       90.87
        221 |        442        0.09       90.96
        222 |        444        0.09       91.05
        223 |        223        0.05       91.10
        224 |        224        0.05       91.15
        225 |        225        0.05       91.19
        226 |        452        0.09       91.28
        228 |        228        0.05       91.33
        230 |        230        0.05       91.38
        231 |        462        0.09       91.47
        232 |        469        0.10       91.56
        233 |        233        0.05       91.61
        234 |        234        0.05       91.66
        235 |        235        0.05       91.71
        236 |        236        0.05       91.75
        238 |        238        0.05       91.80
        241 |        241        0.05       91.85
        244 |        488        0.10       91.95
        246 |        246        0.05       92.00
        248 |        496        0.10       92.10
        251 |        251        0.05       92.15
        252 |        252        0.05       92.20
        255 |        510        0.10       92.31
        257 |        257        0.05       92.36
        262 |        524        0.11       92.47
        264 |        264        0.05       92.52
        268 |        268        0.05       92.57
        269 |        269        0.05       92.63
        270 |        270        0.05       92.68
        271 |        542        0.11       92.79
        272 |        272        0.06       92.85
        274 |        548        0.11       92.96
        275 |        275        0.06       93.01
        277 |        554        0.11       93.13
        281 |        844        0.17       93.30
        286 |        286        0.06       93.36
        291 |        291        0.06       93.42
        295 |        295        0.06       93.48
        316 |        316        0.06       93.54
        318 |        318        0.06       93.60
        320 |        320        0.06       93.67
        327 |        327        0.07       93.74
        333 |        333        0.07       93.80
        335 |        335        0.07       93.87
        349 |        349        0.07       93.94
        363 |        363        0.07       94.02
        364 |        364        0.07       94.09
        388 |        388        0.08       94.17
        401 |        401        0.08       94.25
        426 |        426        0.09       94.34
        431 |        431        0.09       94.42
        467 |        467        0.09       94.52
        503 |        503        0.10       94.62
        519 |        519        0.11       94.73
        523 |        523        0.11       94.83
        784 |        784        0.16       94.99
       1099 |      1,100        0.22       95.21
       8066 |     23,589        4.79      100.00
------------+-----------------------------------
      Total |    492,848      100.00

. lab var wospub_num "No. WoS pubs (by author)"

. 
. // % of work they osfpub
. gen osfpub_percent = osfpub_num / wospub_num
(8 missing values generated)

. sum osfpub_percent

    Variable |        Obs        Mean    Std. dev.       Min        Max
-------------+---------------------------------------------------------
osfpub_per~t |    492,840    .1458606     .625008          0          4

. 
. 
. ***--------------------------***
. // REDUCE down to AUTHOR-LEVEL
. ***--------------------------***
. drop osfpub wospub 

. drop jm_paper_id uid osfid is_review is_oa pubyear wos_pubdate_clean pubtype d
> octypes n_references oa_types oa source_title date_created date_modified date_
> published original_publication_date likely* abstract* title_says_fem fulltext_
> ever_says_fem fem_added fem_removed feminist_journal cites* rank gender_and_so
> ciety sjr* hindex wospub pub_status
variable pub_status not found
r(111);

end of do-file

r(111);

. do "/var/folders/yd/d3dz05pj2m3gb9v7zqphqkmh0000gt/T//SD35095.000000"

. drop osfpub wospub 
osfpub ambiguous abbreviation
r(111);

end of do-file

r(111);

. do "/var/folders/yd/d3dz05pj2m3gb9v7zqphqkmh0000gt/T//SD35095.000000"

. capture log close osf20

. log using $stata/osf20_author_outcomes.smcl, name(osf20) replace text
--------------------------------------------------------------------------------
      name:  osf20
       log:  /Users/mmking/Documents/SocResearch/SocArXiv_gender/stata/osf20_aut
> hor_outcomes.smcl
  log type:  text
 opened on:  24 Feb 2025, 16:26:37

. 
. //      project:        SocArXiv
. 
. //  task:               Feminist Careers: Author Outcomes
. //                              Merge all WoS + OSF + Survey
. 
. //  github:     SocArXiv_gender
. //  author:     Molly King 
. 
. display "$S_DATE  $S_TIME"
24 Feb 2025  16:26:37

. 
. ***--------------------------***
. // PROGRAM SETUP
. ***--------------------------***
. 
. version 18 // keeps program consistent for future replications

. set linesize 80

. clear all

. set more off

. 
. ***--------------------------***
. 
. use $raw/authors_table.dta, clear

. drop if responseid == ""
(14,350 observations deleted)

. 
. merge 1:1 responseid using $clean/survey_clean.dta

    Result                      Number of obs
    -----------------------------------------
    Not matched                           301
        from master                         0  (_merge==1)
        from using                        301  (_merge==2)

    Matched                            19,607  (_merge==3)
    -----------------------------------------

. drop if _merge == 2
(301 observations deleted)

. drop _merge

. 
. merge 1:m jm_auth_id using $raw/papers_authors_crosswalk.dta

    Result                      Number of obs
    -----------------------------------------
    Not matched                        23,589
        from master                         0  (_merge==1)
        from using                     23,589  (_merge==2)

    Matched                           469,259  (_merge==3)
    -----------------------------------------

. *drop if _merge == 2 // authors not in survey
. drop _merge

. 
. merge m:1 jm_paper_id using $raw/papers_table_with_metadata.dta

    Result                      Number of obs
    -----------------------------------------
    Not matched                             0
    Matched                           492,848  (_merge==3)
    -----------------------------------------

. drop if _merge == 2 // authors not in survey
(0 observations deleted)

. drop _merge

. 
. ***--------------------------***
. // VARIABLE CREATION
. ***--------------------------***
. 
. // Author ever posted to SocArXiv
. gen osfpub = .
(492,848 missing values generated)

.         replace osfpub = 0 if osfid == ""
(466,774 real changes made)

.         replace osfpub = 1 if osfid != ""
(26,074 real changes made)

. lab var osfpub "Paper submitted to OSF - binary 1 yes 0 no"

. tab osfpub, m

      Paper |
  submitted |
   to OSF - |
   binary 1 |
   yes 0 no |      Freq.     Percent        Cum.
------------+-----------------------------------
          0 |    466,774       94.71       94.71
          1 |     26,074        5.29      100.00
------------+-----------------------------------
      Total |    492,848      100.00

. 
. bysort responseid: egen osfpub_ever = max(osfpub)

.         tab osfpub_ever, m

osfpub_ever |      Freq.     Percent        Cum.
------------+-----------------------------------
          0 |    438,679       89.01       89.01
          1 |     54,169       10.99      100.00
------------+-----------------------------------
      Total |    492,848      100.00

.         lab var osfpub_ever "responseid ever had osf_paperid in dataset"

.         lab define osfpub_ever ///
>                 0 "never osfpub (author level)" ///
>                 1 "osfpub ever (author level)"

.         lab val osfpub_ever osfpub_ever

.         
. // Number of osfpubs per author
. bysort responseid: egen osfpub_num = total(osfpub)

. tab osfpub_num

 osfpub_num |      Freq.     Percent        Cum.
------------+-----------------------------------
          0 |    438,679       89.01       89.01
          1 |     15,386        3.12       92.13
          2 |      5,220        1.06       93.19
          3 |      1,751        0.36       93.55
          4 |      2,593        0.53       94.07
          5 |      1,462        0.30       94.37
          6 |        646        0.13       94.50
          7 |        833        0.17       94.67
          8 |        589        0.12       94.79
          9 |        229        0.05       94.83
         10 |         71        0.01       94.85
         11 |        295        0.06       94.91
         12 |        383        0.08       94.99
         13 |         36        0.01       94.99
         14 |         19        0.00       95.00
         15 |        146        0.03       95.03
         16 |        298        0.06       95.09
         18 |         54        0.01       95.10
         19 |        174        0.04       95.13
         21 |        142        0.03       95.16
         22 |         34        0.01       95.17
         23 |         92        0.02       95.19
         25 |         41        0.01       95.20
         47 |         86        0.02       95.21
      23589 |     23,589        4.79      100.00
------------+-----------------------------------
      Total |    492,848      100.00

. lab var osfpub_num "No. OSF pubs (by author)"

. 
. // Number of WoS records per author
. gen wospub = 0

.         replace wospub = 1 if uid != ""
(476,154 real changes made)

.         tab wospub, m

     wospub |      Freq.     Percent        Cum.
------------+-----------------------------------
          0 |     16,694        3.39        3.39
          1 |    476,154       96.61      100.00
------------+-----------------------------------
      Total |    492,848      100.00

. by responseid: egen wospub_num = total(wospub)

. tab wospub_num, m

 wospub_num |      Freq.     Percent        Cum.
------------+-----------------------------------
          0 |          8        0.00        0.00
          1 |        537        0.11        0.11
          2 |      1,443        0.29        0.40
          3 |      2,475        0.50        0.91
          4 |      3,363        0.68        1.59
          5 |      4,366        0.89        2.47
          6 |      4,799        0.97        3.45
          7 |      5,607        1.14        4.59
          8 |      5,736        1.16        5.75
          9 |      5,617        1.14        6.89
         10 |      6,349        1.29        8.18
         11 |      6,593        1.34        9.51
         12 |      6,710        1.36       10.88
         13 |      7,052        1.43       12.31
         14 |      7,361        1.49       13.80
         15 |      7,613        1.54       15.35
         16 |      7,880        1.60       16.94
         17 |      7,712        1.56       18.51
         18 |      6,941        1.41       19.92
         19 |      7,849        1.59       21.51
         20 |      7,245        1.47       22.98
         21 |      8,273        1.68       24.66
         22 |      7,599        1.54       26.20
         23 |      7,026        1.43       27.63
         24 |      7,075        1.44       29.06
         25 |      6,903        1.40       30.46
         26 |      6,856        1.39       31.85
         27 |      6,542        1.33       33.18
         28 |      6,169        1.25       34.43
         29 |      7,074        1.44       35.87
         30 |      6,168        1.25       37.12
         31 |      6,774        1.37       38.49
         32 |      6,865        1.39       39.89
         33 |      5,425        1.10       40.99
         34 |      5,388        1.09       42.08
         35 |      5,611        1.14       43.22
         36 |      5,909        1.20       44.42
         37 |      5,818        1.18       45.60
         38 |      5,260        1.07       46.67
         39 |      4,877        0.99       47.66
         40 |      5,055        1.03       48.68
         41 |      4,849        0.98       49.66
         42 |      3,958        0.80       50.47
         43 |      4,018        0.82       51.28
         44 |      4,547        0.92       52.21
         45 |      4,348        0.88       53.09
         46 |      4,103        0.83       53.92
         47 |      4,466        0.91       54.83
         48 |      4,675        0.95       55.78
         49 |      4,822        0.98       56.75
         50 |      3,703        0.75       57.50
         51 |      3,265        0.66       58.17
         52 |      3,901        0.79       58.96
         53 |      3,182        0.65       59.60
         54 |      3,731        0.76       60.36
         55 |      3,416        0.69       61.05
         56 |      2,857        0.58       61.63
         57 |      3,282        0.67       62.30
         58 |      3,601        0.73       63.03
         59 |      2,540        0.52       63.55
         60 |      2,883        0.58       64.13
         61 |      2,871        0.58       64.71
         62 |      3,044        0.62       65.33
         63 |      2,898        0.59       65.92
         64 |      3,074        0.62       66.54
         65 |      3,058        0.62       67.16
         66 |      2,046        0.42       67.58
         67 |      2,480        0.50       68.08
         68 |      2,518        0.51       68.59
         69 |      2,278        0.46       69.06
         70 |      2,522        0.51       69.57
         71 |      2,277        0.46       70.03
         72 |      2,016        0.41       70.44
         73 |      2,630        0.53       70.97
         74 |      2,813        0.57       71.54
         75 |      1,970        0.40       71.94
         76 |      2,434        0.49       72.44
         77 |      2,620        0.53       72.97
         78 |      1,950        0.40       73.36
         79 |      2,133        0.43       73.80
         80 |      2,401        0.49       74.28
         81 |      1,215        0.25       74.53
         82 |      1,886        0.38       74.91
         83 |      1,746        0.35       75.27
         84 |      1,093        0.22       75.49
         85 |      1,531        0.31       75.80
         86 |        946        0.19       75.99
         87 |      2,002        0.41       76.40
         88 |      1,937        0.39       76.79
         89 |      1,068        0.22       77.01
         90 |      1,081        0.22       77.23
         91 |      1,365        0.28       77.50
         92 |      1,380        0.28       77.78
         93 |        837        0.17       77.95
         94 |      1,222        0.25       78.20
         95 |      1,140        0.23       78.43
         96 |        864        0.18       78.61
         97 |      1,164        0.24       78.84
         98 |        784        0.16       79.00
         99 |      1,386        0.28       79.28
        100 |        401        0.08       79.37
        101 |      1,010        0.20       79.57
        102 |      1,326        0.27       79.84
        103 |        727        0.15       79.99
        104 |      1,144        0.23       80.22
        105 |      1,273        0.26       80.48
        106 |      1,060        0.22       80.69
        107 |        856        0.17       80.87
        108 |        972        0.20       81.06
        109 |      1,308        0.27       81.33
        110 |        990        0.20       81.53
        111 |        889        0.18       81.71
        112 |      1,232        0.25       81.96
        113 |        796        0.16       82.12
        114 |        798        0.16       82.28
        115 |        924        0.19       82.47
        116 |        696        0.14       82.61
        117 |      2,457        0.50       83.11
        118 |        826        0.17       83.28
        119 |        597        0.12       83.40
        120 |        840        0.17       83.57
        121 |        605        0.12       83.69
        122 |        732        0.15       83.84
        123 |        984        0.20       84.04
        124 |        373        0.08       84.12
        125 |        750        0.15       84.27
        126 |        630        0.13       84.40
        127 |        635        0.13       84.53
        128 |        768        0.16       84.68
        129 |        516        0.10       84.79
        130 |        520        0.11       84.89
        131 |      1,310        0.27       85.16
        132 |        396        0.08       85.24
        133 |        802        0.16       85.40
        134 |        268        0.05       85.45
        135 |        675        0.14       85.59
        136 |        272        0.06       85.65
        137 |        548        0.11       85.76
        138 |        414        0.08       85.84
        139 |      1,112        0.23       86.07
        140 |        700        0.14       86.21
        141 |        423        0.09       86.30
        142 |        710        0.14       86.44
        143 |        286        0.06       86.50
        144 |        720        0.15       86.64
        145 |        290        0.06       86.70
        146 |        442        0.09       86.79
        147 |        147        0.03       86.82
        148 |        740        0.15       86.97
        149 |        149        0.03       87.00
        150 |        300        0.06       87.06
        151 |        302        0.06       87.12
        152 |        152        0.03       87.16
        153 |        153        0.03       87.19
        154 |        309        0.06       87.25
        155 |        465        0.09       87.34
        156 |        312        0.06       87.41
        157 |        314        0.06       87.47
        158 |        475        0.10       87.57
        159 |        318        0.06       87.63
        160 |        800        0.16       87.79
        161 |        805        0.16       87.96
        162 |        486        0.10       88.06
        163 |        815        0.17       88.22
        164 |        492        0.10       88.32
        167 |        167        0.03       88.35
        168 |        672        0.14       88.49
        169 |        338        0.07       88.56
        170 |        170        0.03       88.59
        172 |        344        0.07       88.66
        173 |        346        0.07       88.73
        174 |        522        0.11       88.84
        175 |        700        0.14       88.98
        176 |        176        0.04       89.02
        177 |        354        0.07       89.09
        179 |        179        0.04       89.13
        180 |        180        0.04       89.16
        183 |        183        0.04       89.20
        184 |        368        0.07       89.27
        186 |        558        0.11       89.39
        187 |        187        0.04       89.43
        189 |        189        0.04       89.46
        190 |        192        0.04       89.50
        192 |        384        0.08       89.58
        197 |        394        0.08       89.66
        198 |        198        0.04       89.70
        199 |        199        0.04       89.74
        200 |        400        0.08       89.82
        201 |        603        0.12       89.94
        202 |        202        0.04       89.99
        203 |        203        0.04       90.03
        204 |        408        0.08       90.11
        205 |        615        0.12       90.23
        206 |        618        0.13       90.36
        208 |        416        0.08       90.44
        209 |        418        0.08       90.53
        210 |        420        0.09       90.61
        211 |        211        0.04       90.66
        212 |        212        0.04       90.70
        214 |        428        0.09       90.79
        216 |        216        0.04       90.83
        217 |        217        0.04       90.87
        221 |        442        0.09       90.96
        222 |        444        0.09       91.05
        223 |        223        0.05       91.10
        224 |        224        0.05       91.15
        225 |        225        0.05       91.19
        226 |        452        0.09       91.28
        228 |        228        0.05       91.33
        230 |        230        0.05       91.38
        231 |        462        0.09       91.47
        232 |        469        0.10       91.56
        233 |        233        0.05       91.61
        234 |        234        0.05       91.66
        235 |        235        0.05       91.71
        236 |        236        0.05       91.75
        238 |        238        0.05       91.80
        241 |        241        0.05       91.85
        244 |        488        0.10       91.95
        246 |        246        0.05       92.00
        248 |        496        0.10       92.10
        251 |        251        0.05       92.15
        252 |        252        0.05       92.20
        255 |        510        0.10       92.31
        257 |        257        0.05       92.36
        262 |        524        0.11       92.47
        264 |        264        0.05       92.52
        268 |        268        0.05       92.57
        269 |        269        0.05       92.63
        270 |        270        0.05       92.68
        271 |        542        0.11       92.79
        272 |        272        0.06       92.85
        274 |        548        0.11       92.96
        275 |        275        0.06       93.01
        277 |        554        0.11       93.13
        281 |        844        0.17       93.30
        286 |        286        0.06       93.36
        291 |        291        0.06       93.42
        295 |        295        0.06       93.48
        316 |        316        0.06       93.54
        318 |        318        0.06       93.60
        320 |        320        0.06       93.67
        327 |        327        0.07       93.74
        333 |        333        0.07       93.80
        335 |        335        0.07       93.87
        349 |        349        0.07       93.94
        363 |        363        0.07       94.02
        364 |        364        0.07       94.09
        388 |        388        0.08       94.17
        401 |        401        0.08       94.25
        426 |        426        0.09       94.34
        431 |        431        0.09       94.42
        467 |        467        0.09       94.52
        503 |        503        0.10       94.62
        519 |        519        0.11       94.73
        523 |        523        0.11       94.83
        784 |        784        0.16       94.99
       1099 |      1,100        0.22       95.21
       8066 |     23,589        4.79      100.00
------------+-----------------------------------
      Total |    492,848      100.00

. lab var wospub_num "No. WoS pubs (by author)"

. 
. // % of work they osfpub
. gen osfpub_percent = osfpub_num / wospub_num
(8 missing values generated)

. sum osfpub_percent

    Variable |        Obs        Mean    Std. dev.       Min        Max
-------------+---------------------------------------------------------
osfpub_per~t |    492,840    .1458606     .625008          0          4

. 
. 
. ***--------------------------***
. // REDUCE down to AUTHOR-LEVEL
. ***--------------------------***
. drop osfpub wospub 

. drop jm_paper_id uid osfid is_review is_oa pubyear wos_pubdate_clean pubtype d
> octypes n_references oa_types oa source_title date_created date_modified date_
> published original_publication_date likely* abstract* title_says_fem fulltext_
> ever_says_fem fem_added fem_removed feminist_journal cites* rank gender_and_so
> ciety sjr* hindex wospub

. 
end of do-file

. do "/var/folders/yd/d3dz05pj2m3gb9v7zqphqkmh0000gt/T//SD35095.000000"

. duplicates drop

Duplicates in terms of all variables

(458,891 observations deleted)

. 
end of do-file

. do "/var/folders/yd/d3dz05pj2m3gb9v7zqphqkmh0000gt/T//SD35095.000000"

. count
  33,957

. 
end of do-file

. do "/var/folders/yd/d3dz05pj2m3gb9v7zqphqkmh0000gt/T//SD35095.000000"

. isid responseid
variable responseid should never be missing
r(459);

end of do-file

r(459);

. do "/var/folders/yd/d3dz05pj2m3gb9v7zqphqkmh0000gt/T//SD35095.000000"

. drop if responseid == ""
(14,350 observations deleted)

. 
end of do-file

. do "/var/folders/yd/d3dz05pj2m3gb9v7zqphqkmh0000gt/T//SD35095.000000"

. capture log close osf20

. log using $stata/osf20_author_outcomes.smcl, name(osf20) replace text
--------------------------------------------------------------------------------
      name:  osf20
       log:  /Users/mmking/Documents/SocResearch/SocArXiv_gender/stata/osf20_aut
> hor_outcomes.smcl
  log type:  text
 opened on:  24 Feb 2025, 16:27:53

. 
. //      project:        SocArXiv
. 
. //  task:               Feminist Careers: Author Outcomes
. //                              Merge all WoS + OSF + Survey
. 
. //  github:     SocArXiv_gender
. //  author:     Molly King 
. 
. display "$S_DATE  $S_TIME"
24 Feb 2025  16:27:53

. 
. ***--------------------------***
. // PROGRAM SETUP
. ***--------------------------***
. 
. version 18 // keeps program consistent for future replications

. set linesize 80

. clear all

. set more off

. 
. ***--------------------------***
. 
. use $raw/authors_table.dta, clear

. drop if responseid == ""
(14,350 observations deleted)

. 
. merge 1:1 responseid using $clean/survey_clean.dta

    Result                      Number of obs
    -----------------------------------------
    Not matched                           301
        from master                         0  (_merge==1)
        from using                        301  (_merge==2)

    Matched                            19,607  (_merge==3)
    -----------------------------------------

. drop if _merge == 2
(301 observations deleted)

. drop _merge

. 
. merge 1:m jm_auth_id using $raw/papers_authors_crosswalk.dta

    Result                      Number of obs
    -----------------------------------------
    Not matched                        23,589
        from master                         0  (_merge==1)
        from using                     23,589  (_merge==2)

    Matched                           469,259  (_merge==3)
    -----------------------------------------

. *drop if _merge == 2 // authors not in survey
. drop _merge

. 
. merge m:1 jm_paper_id using $raw/papers_table_with_metadata.dta

    Result                      Number of obs
    -----------------------------------------
    Not matched                             0
    Matched                           492,848  (_merge==3)
    -----------------------------------------

. drop if _merge == 2 // authors not in survey
(0 observations deleted)

. drop _merge

. 
. drop if responseid == ""  // authors not in survey
(23,589 observations deleted)

. 
. ***--------------------------***
. // VARIABLE CREATION
. ***--------------------------***
. 
. // Author ever posted to SocArXiv
. gen osfpub = .
(469,259 missing values generated)

.         replace osfpub = 0 if osfid == ""
(466,774 real changes made)

.         replace osfpub = 1 if osfid != ""
(2,485 real changes made)

. lab var osfpub "Paper submitted to OSF - binary 1 yes 0 no"

. tab osfpub, m

      Paper |
  submitted |
   to OSF - |
   binary 1 |
   yes 0 no |      Freq.     Percent        Cum.
------------+-----------------------------------
          0 |    466,774       99.47       99.47
          1 |      2,485        0.53      100.00
------------+-----------------------------------
      Total |    469,259      100.00

. 
. bysort responseid: egen osfpub_ever = max(osfpub)

.         tab osfpub_ever, m

osfpub_ever |      Freq.     Percent        Cum.
------------+-----------------------------------
          0 |    438,679       93.48       93.48
          1 |     30,580        6.52      100.00
------------+-----------------------------------
      Total |    469,259      100.00

.         lab var osfpub_ever "responseid ever had osf_paperid in dataset"

.         lab define osfpub_ever ///
>                 0 "never osfpub (author level)" ///
>                 1 "osfpub ever (author level)"

.         lab val osfpub_ever osfpub_ever

.         
. // Number of osfpubs per author
. bysort responseid: egen osfpub_num = total(osfpub)

. tab osfpub_num

 osfpub_num |      Freq.     Percent        Cum.
------------+-----------------------------------
          0 |    438,679       93.48       93.48
          1 |     15,386        3.28       96.76
          2 |      5,220        1.11       97.87
          3 |      1,751        0.37       98.25
          4 |      2,593        0.55       98.80
          5 |      1,462        0.31       99.11
          6 |        646        0.14       99.25
          7 |        833        0.18       99.43
          8 |        589        0.13       99.55
          9 |        229        0.05       99.60
         10 |         71        0.02       99.62
         11 |        295        0.06       99.68
         12 |        383        0.08       99.76
         13 |         36        0.01       99.77
         14 |         19        0.00       99.77
         15 |        146        0.03       99.80
         16 |        298        0.06       99.87
         18 |         54        0.01       99.88
         19 |        174        0.04       99.92
         21 |        142        0.03       99.95
         22 |         34        0.01       99.95
         23 |         92        0.02       99.97
         25 |         41        0.01       99.98
         47 |         86        0.02      100.00
------------+-----------------------------------
      Total |    469,259      100.00

. lab var osfpub_num "No. OSF pubs (by author)"

. 
. // Number of WoS records per author
. gen wospub = 0

.         replace wospub = 1 if uid != ""
(468,088 real changes made)

.         tab wospub, m

     wospub |      Freq.     Percent        Cum.
------------+-----------------------------------
          0 |      1,171        0.25        0.25
          1 |    468,088       99.75      100.00
------------+-----------------------------------
      Total |    469,259      100.00

. by responseid: egen wospub_num = total(wospub)

. tab wospub_num, m

 wospub_num |      Freq.     Percent        Cum.
------------+-----------------------------------
          0 |          8        0.00        0.00
          1 |        537        0.11        0.12
          2 |      1,443        0.31        0.42
          3 |      2,475        0.53        0.95
          4 |      3,363        0.72        1.67
          5 |      4,366        0.93        2.60
          6 |      4,799        1.02        3.62
          7 |      5,607        1.19        4.82
          8 |      5,736        1.22        6.04
          9 |      5,617        1.20        7.24
         10 |      6,349        1.35        8.59
         11 |      6,593        1.40        9.99
         12 |      6,710        1.43       11.42
         13 |      7,052        1.50       12.93
         14 |      7,361        1.57       14.49
         15 |      7,613        1.62       16.12
         16 |      7,880        1.68       17.80
         17 |      7,712        1.64       19.44
         18 |      6,941        1.48       20.92
         19 |      7,849        1.67       22.59
         20 |      7,245        1.54       24.14
         21 |      8,273        1.76       25.90
         22 |      7,599        1.62       27.52
         23 |      7,026        1.50       29.01
         24 |      7,075        1.51       30.52
         25 |      6,903        1.47       31.99
         26 |      6,856        1.46       33.45
         27 |      6,542        1.39       34.85
         28 |      6,169        1.31       36.16
         29 |      7,074        1.51       37.67
         30 |      6,168        1.31       38.99
         31 |      6,774        1.44       40.43
         32 |      6,865        1.46       41.89
         33 |      5,425        1.16       43.05
         34 |      5,388        1.15       44.20
         35 |      5,611        1.20       45.39
         36 |      5,909        1.26       46.65
         37 |      5,818        1.24       47.89
         38 |      5,260        1.12       49.01
         39 |      4,877        1.04       50.05
         40 |      5,055        1.08       51.13
         41 |      4,849        1.03       52.16
         42 |      3,958        0.84       53.00
         43 |      4,018        0.86       53.86
         44 |      4,547        0.97       54.83
         45 |      4,348        0.93       55.76
         46 |      4,103        0.87       56.63
         47 |      4,466        0.95       57.58
         48 |      4,675        1.00       58.58
         49 |      4,822        1.03       59.61
         50 |      3,703        0.79       60.40
         51 |      3,265        0.70       61.09
         52 |      3,901        0.83       61.92
         53 |      3,182        0.68       62.60
         54 |      3,731        0.80       63.40
         55 |      3,416        0.73       64.12
         56 |      2,857        0.61       64.73
         57 |      3,282        0.70       65.43
         58 |      3,601        0.77       66.20
         59 |      2,540        0.54       66.74
         60 |      2,883        0.61       67.36
         61 |      2,871        0.61       67.97
         62 |      3,044        0.65       68.62
         63 |      2,898        0.62       69.23
         64 |      3,074        0.66       69.89
         65 |      3,058        0.65       70.54
         66 |      2,046        0.44       70.98
         67 |      2,480        0.53       71.50
         68 |      2,518        0.54       72.04
         69 |      2,278        0.49       72.53
         70 |      2,522        0.54       73.06
         71 |      2,277        0.49       73.55
         72 |      2,016        0.43       73.98
         73 |      2,630        0.56       74.54
         74 |      2,813        0.60       75.14
         75 |      1,970        0.42       75.56
         76 |      2,434        0.52       76.08
         77 |      2,620        0.56       76.64
         78 |      1,950        0.42       77.05
         79 |      2,133        0.45       77.51
         80 |      2,401        0.51       78.02
         81 |      1,215        0.26       78.28
         82 |      1,886        0.40       78.68
         83 |      1,746        0.37       79.05
         84 |      1,093        0.23       79.28
         85 |      1,531        0.33       79.61
         86 |        946        0.20       79.81
         87 |      2,002        0.43       80.24
         88 |      1,937        0.41       80.65
         89 |      1,068        0.23       80.88
         90 |      1,081        0.23       81.11
         91 |      1,365        0.29       81.40
         92 |      1,380        0.29       81.69
         93 |        837        0.18       81.87
         94 |      1,222        0.26       82.13
         95 |      1,140        0.24       82.37
         96 |        864        0.18       82.56
         97 |      1,164        0.25       82.81
         98 |        784        0.17       82.97
         99 |      1,386        0.30       83.27
        100 |        401        0.09       83.36
        101 |      1,010        0.22       83.57
        102 |      1,326        0.28       83.85
        103 |        727        0.15       84.01
        104 |      1,144        0.24       84.25
        105 |      1,273        0.27       84.52
        106 |      1,060        0.23       84.75
        107 |        856        0.18       84.93
        108 |        972        0.21       85.14
        109 |      1,308        0.28       85.42
        110 |        990        0.21       85.63
        111 |        889        0.19       85.82
        112 |      1,232        0.26       86.08
        113 |        796        0.17       86.25
        114 |        798        0.17       86.42
        115 |        924        0.20       86.62
        116 |        696        0.15       86.76
        117 |      2,457        0.52       87.29
        118 |        826        0.18       87.46
        119 |        597        0.13       87.59
        120 |        840        0.18       87.77
        121 |        605        0.13       87.90
        122 |        732        0.16       88.06
        123 |        984        0.21       88.27
        124 |        373        0.08       88.34
        125 |        750        0.16       88.50
        126 |        630        0.13       88.64
        127 |        635        0.14       88.77
        128 |        768        0.16       88.94
        129 |        516        0.11       89.05
        130 |        520        0.11       89.16
        131 |      1,310        0.28       89.44
        132 |        396        0.08       89.52
        133 |        802        0.17       89.69
        134 |        268        0.06       89.75
        135 |        675        0.14       89.89
        136 |        272        0.06       89.95
        137 |        548        0.12       90.07
        138 |        414        0.09       90.16
        139 |      1,112        0.24       90.39
        140 |        700        0.15       90.54
        141 |        423        0.09       90.63
        142 |        710        0.15       90.78
        143 |        286        0.06       90.85
        144 |        720        0.15       91.00
        145 |        290        0.06       91.06
        146 |        442        0.09       91.15
        147 |        147        0.03       91.19
        148 |        740        0.16       91.34
        149 |        149        0.03       91.38
        150 |        300        0.06       91.44
        151 |        302        0.06       91.50
        152 |        152        0.03       91.54
        153 |        153        0.03       91.57
        154 |        309        0.07       91.63
        155 |        465        0.10       91.73
        156 |        312        0.07       91.80
        157 |        314        0.07       91.87
        158 |        475        0.10       91.97
        159 |        318        0.07       92.04
        160 |        800        0.17       92.21
        161 |        805        0.17       92.38
        162 |        486        0.10       92.48
        163 |        815        0.17       92.66
        164 |        492        0.10       92.76
        167 |        167        0.04       92.80
        168 |        672        0.14       92.94
        169 |        338        0.07       93.01
        170 |        170        0.04       93.05
        172 |        344        0.07       93.12
        173 |        346        0.07       93.19
        174 |        522        0.11       93.31
        175 |        700        0.15       93.46
        176 |        176        0.04       93.49
        177 |        354        0.08       93.57
        179 |        179        0.04       93.61
        180 |        180        0.04       93.64
        183 |        183        0.04       93.68
        184 |        368        0.08       93.76
        186 |        558        0.12       93.88
        187 |        187        0.04       93.92
        189 |        189        0.04       93.96
        190 |        192        0.04       94.00
        192 |        384        0.08       94.08
        197 |        394        0.08       94.17
        198 |        198        0.04       94.21
        199 |        199        0.04       94.25
        200 |        400        0.09       94.34
        201 |        603        0.13       94.47
        202 |        202        0.04       94.51
        203 |        203        0.04       94.55
        204 |        408        0.09       94.64
        205 |        615        0.13       94.77
        206 |        618        0.13       94.90
        208 |        416        0.09       94.99
        209 |        418        0.09       95.08
        210 |        420        0.09       95.17
        211 |        211        0.04       95.21
        212 |        212        0.05       95.26
        214 |        428        0.09       95.35
        216 |        216        0.05       95.40
        217 |        217        0.05       95.44
        221 |        442        0.09       95.54
        222 |        444        0.09       95.63
        223 |        223        0.05       95.68
        224 |        224        0.05       95.73
        225 |        225        0.05       95.77
        226 |        452        0.10       95.87
        228 |        228        0.05       95.92
        230 |        230        0.05       95.97
        231 |        462        0.10       96.07
        232 |        469        0.10       96.17
        233 |        233        0.05       96.22
        234 |        234        0.05       96.27
        235 |        235        0.05       96.32
        236 |        236        0.05       96.37
        238 |        238        0.05       96.42
        241 |        241        0.05       96.47
        244 |        488        0.10       96.57
        246 |        246        0.05       96.63
        248 |        496        0.11       96.73
        251 |        251        0.05       96.78
        252 |        252        0.05       96.84
        255 |        510        0.11       96.95
        257 |        257        0.05       97.00
        262 |        524        0.11       97.11
        264 |        264        0.06       97.17
        268 |        268        0.06       97.23
        269 |        269        0.06       97.28
        270 |        270        0.06       97.34
        271 |        542        0.12       97.46
        272 |        272        0.06       97.52
        274 |        548        0.12       97.63
        275 |        275        0.06       97.69
        277 |        554        0.12       97.81
        281 |        844        0.18       97.99
        286 |        286        0.06       98.05
        291 |        291        0.06       98.11
        295 |        295        0.06       98.17
        316 |        316        0.07       98.24
        318 |        318        0.07       98.31
        320 |        320        0.07       98.38
        327 |        327        0.07       98.45
        333 |        333        0.07       98.52
        335 |        335        0.07       98.59
        349 |        349        0.07       98.66
        363 |        363        0.08       98.74
        364 |        364        0.08       98.82
        388 |        388        0.08       98.90
        401 |        401        0.09       98.99
        426 |        426        0.09       99.08
        431 |        431        0.09       99.17
        467 |        467        0.10       99.27
        503 |        503        0.11       99.38
        519 |        519        0.11       99.49
        523 |        523        0.11       99.60
        784 |        784        0.17       99.77
       1099 |      1,100        0.23      100.00
------------+-----------------------------------
      Total |    469,259      100.00

. lab var wospub_num "No. WoS pubs (by author)"

. 
. // % of work they osfpub
. gen osfpub_percent = osfpub_num / wospub_num
(8 missing values generated)

. sum osfpub_percent

    Variable |        Obs        Mean    Std. dev.       Min        Max
-------------+---------------------------------------------------------
osfpub_per~t |    469,251      .00618    .0513688          0          4

. 
. 
. ***--------------------------***
. // REDUCE down to AUTHOR-LEVEL
. ***--------------------------***
. drop osfpub wospub 

. drop jm_paper_id uid osfid is_review is_oa pubyear wos_pubdate_clean pubtype d
> octypes n_references oa_types oa source_title date_created date_modified date_
> published original_publication_date likely* abstract* title_says_fem fulltext_
> ever_says_fem fem_added fem_removed feminist_journal cites* rank gender_and_so
> ciety sjr* hindex wospub

. 
. duplicates drop

Duplicates in terms of all variables

(449,652 observations deleted)

. count
  19,607

. isid responseid

. 
end of do-file

. do "/Users/mmking/Documents/SocResearch/SocArXiv_gender/stata/osf20_author_out
> comes.do"

. capture log close osf20

. log using $stata/osf20_author_outcomes.smcl, name(osf20) replace text
--------------------------------------------------------------------------------
      name:  osf20
       log:  /Users/mmking/Documents/SocResearch/SocArXiv_gender/stata/osf20_aut
> hor_outcomes.smcl
  log type:  text
 opened on:  24 Feb 2025, 16:38:09

. 
. //      project:        SocArXiv
. 
. //  task:               Feminist Careers: Author Outcomes
. //                              Merge all WoS + OSF + Survey
. 
. //  github:     SocArXiv_gender
. //  author:     Molly King 
. 
. display "$S_DATE  $S_TIME"
24 Feb 2025  16:38:09

. 
. ***--------------------------***
. // PROGRAM SETUP
. ***--------------------------***
. 
. version 18 // keeps program consistent for future replications

. set linesize 80

. clear all

. set more off

. 
. ***--------------------------***
. 
. use $raw/authors_table.dta, clear

. drop if responseid == ""
(14,350 observations deleted)

. 
. merge 1:1 responseid using $clean/survey_clean.dta

    Result                      Number of obs
    -----------------------------------------
    Not matched                           301
        from master                         0  (_merge==1)
        from using                        301  (_merge==2)

    Matched                            19,607  (_merge==3)
    -----------------------------------------

. drop if _merge == 2
(301 observations deleted)

. drop _merge

. 
. merge 1:m jm_auth_id using $raw/papers_authors_crosswalk.dta

    Result                      Number of obs
    -----------------------------------------
    Not matched                        23,589
        from master                         0  (_merge==1)
        from using                     23,589  (_merge==2)

    Matched                           469,259  (_merge==3)
    -----------------------------------------

. *drop if _merge == 2 // authors not in survey
. drop _merge

. 
. merge m:1 jm_paper_id using $raw/papers_table_with_metadata.dta

    Result                      Number of obs
    -----------------------------------------
    Not matched                             0
    Matched                           492,848  (_merge==3)
    -----------------------------------------

. drop if _merge == 2 // authors not in survey
(0 observations deleted)

. drop _merge

. 
. drop if responseid == ""  // authors not in survey
(23,589 observations deleted)

. 
. ***--------------------------***
. // VARIABLE CREATION
. ***--------------------------***
. 
. // Author ever posted to SocArXiv
. gen osfpub = .
(469,259 missing values generated)

.         replace osfpub = 0 if osfid == ""
(466,774 real changes made)

.         replace osfpub = 1 if osfid != ""
(2,485 real changes made)

. lab var osfpub "Paper submitted to OSF - binary 1 yes 0 no"

. tab osfpub, m

      Paper |
  submitted |
   to OSF - |
   binary 1 |
   yes 0 no |      Freq.     Percent        Cum.
------------+-----------------------------------
          0 |    466,774       99.47       99.47
          1 |      2,485        0.53      100.00
------------+-----------------------------------
      Total |    469,259      100.00

. 
. bysort responseid: egen osfpub_ever = max(osfpub)

.         tab osfpub_ever, m

osfpub_ever |      Freq.     Percent        Cum.
------------+-----------------------------------
          0 |    438,679       93.48       93.48
          1 |     30,580        6.52      100.00
------------+-----------------------------------
      Total |    469,259      100.00

.         lab var osfpub_ever "responseid ever had osf_paperid in dataset"

.         lab define osfpub_ever ///
>                 0 "never osfpub (author level)" ///
>                 1 "osfpub ever (author level)"

.         lab val osfpub_ever osfpub_ever

.         
. // Number of osfpubs per author
. bysort responseid: egen osfpub_num = total(osfpub)

. tab osfpub_num

 osfpub_num |      Freq.     Percent        Cum.
------------+-----------------------------------
          0 |    438,679       93.48       93.48
          1 |     15,386        3.28       96.76
          2 |      5,220        1.11       97.87
          3 |      1,751        0.37       98.25
          4 |      2,593        0.55       98.80
          5 |      1,462        0.31       99.11
          6 |        646        0.14       99.25
          7 |        833        0.18       99.43
          8 |        589        0.13       99.55
          9 |        229        0.05       99.60
         10 |         71        0.02       99.62
         11 |        295        0.06       99.68
         12 |        383        0.08       99.76
         13 |         36        0.01       99.77
         14 |         19        0.00       99.77
         15 |        146        0.03       99.80
         16 |        298        0.06       99.87
         18 |         54        0.01       99.88
         19 |        174        0.04       99.92
         21 |        142        0.03       99.95
         22 |         34        0.01       99.95
         23 |         92        0.02       99.97
         25 |         41        0.01       99.98
         47 |         86        0.02      100.00
------------+-----------------------------------
      Total |    469,259      100.00

. lab var osfpub_num "No. OSF pubs (by author)"

. 
. // Number of WoS records per author
. gen wospub = 0

.         replace wospub = 1 if uid != ""
(468,088 real changes made)

.         tab wospub, m

     wospub |      Freq.     Percent        Cum.
------------+-----------------------------------
          0 |      1,171        0.25        0.25
          1 |    468,088       99.75      100.00
------------+-----------------------------------
      Total |    469,259      100.00

. by responseid: egen wospub_num = total(wospub)

. tab wospub_num, m

 wospub_num |      Freq.     Percent        Cum.
------------+-----------------------------------
          0 |          8        0.00        0.00
          1 |        537        0.11        0.12
          2 |      1,443        0.31        0.42
          3 |      2,475        0.53        0.95
          4 |      3,363        0.72        1.67
          5 |      4,366        0.93        2.60
          6 |      4,799        1.02        3.62
          7 |      5,607        1.19        4.82
          8 |      5,736        1.22        6.04
          9 |      5,617        1.20        7.24
         10 |      6,349        1.35        8.59
         11 |      6,593        1.40        9.99
         12 |      6,710        1.43       11.42
         13 |      7,052        1.50       12.93
         14 |      7,361        1.57       14.49
         15 |      7,613        1.62       16.12
         16 |      7,880        1.68       17.80
         17 |      7,712        1.64       19.44
         18 |      6,941        1.48       20.92
         19 |      7,849        1.67       22.59
         20 |      7,245        1.54       24.14
         21 |      8,273        1.76       25.90
         22 |      7,599        1.62       27.52
         23 |      7,026        1.50       29.01
         24 |      7,075        1.51       30.52
         25 |      6,903        1.47       31.99
         26 |      6,856        1.46       33.45
         27 |      6,542        1.39       34.85
         28 |      6,169        1.31       36.16
         29 |      7,074        1.51       37.67
         30 |      6,168        1.31       38.99
         31 |      6,774        1.44       40.43
         32 |      6,865        1.46       41.89
         33 |      5,425        1.16       43.05
         34 |      5,388        1.15       44.20
         35 |      5,611        1.20       45.39
         36 |      5,909        1.26       46.65
         37 |      5,818        1.24       47.89
         38 |      5,260        1.12       49.01
         39 |      4,877        1.04       50.05
         40 |      5,055        1.08       51.13
         41 |      4,849        1.03       52.16
         42 |      3,958        0.84       53.00
         43 |      4,018        0.86       53.86
         44 |      4,547        0.97       54.83
         45 |      4,348        0.93       55.76
         46 |      4,103        0.87       56.63
         47 |      4,466        0.95       57.58
         48 |      4,675        1.00       58.58
         49 |      4,822        1.03       59.61
         50 |      3,703        0.79       60.40
         51 |      3,265        0.70       61.09
         52 |      3,901        0.83       61.92
         53 |      3,182        0.68       62.60
         54 |      3,731        0.80       63.40
         55 |      3,416        0.73       64.12
         56 |      2,857        0.61       64.73
         57 |      3,282        0.70       65.43
         58 |      3,601        0.77       66.20
         59 |      2,540        0.54       66.74
         60 |      2,883        0.61       67.36
         61 |      2,871        0.61       67.97
         62 |      3,044        0.65       68.62
         63 |      2,898        0.62       69.23
         64 |      3,074        0.66       69.89
         65 |      3,058        0.65       70.54
         66 |      2,046        0.44       70.98
         67 |      2,480        0.53       71.50
         68 |      2,518        0.54       72.04
         69 |      2,278        0.49       72.53
         70 |      2,522        0.54       73.06
         71 |      2,277        0.49       73.55
         72 |      2,016        0.43       73.98
         73 |      2,630        0.56       74.54
         74 |      2,813        0.60       75.14
         75 |      1,970        0.42       75.56
         76 |      2,434        0.52       76.08
         77 |      2,620        0.56       76.64
         78 |      1,950        0.42       77.05
         79 |      2,133        0.45       77.51
         80 |      2,401        0.51       78.02
         81 |      1,215        0.26       78.28
         82 |      1,886        0.40       78.68
         83 |      1,746        0.37       79.05
         84 |      1,093        0.23       79.28
         85 |      1,531        0.33       79.61
         86 |        946        0.20       79.81
         87 |      2,002        0.43       80.24
         88 |      1,937        0.41       80.65
         89 |      1,068        0.23       80.88
         90 |      1,081        0.23       81.11
         91 |      1,365        0.29       81.40
         92 |      1,380        0.29       81.69
         93 |        837        0.18       81.87
         94 |      1,222        0.26       82.13
         95 |      1,140        0.24       82.37
         96 |        864        0.18       82.56
         97 |      1,164        0.25       82.81
         98 |        784        0.17       82.97
         99 |      1,386        0.30       83.27
        100 |        401        0.09       83.36
        101 |      1,010        0.22       83.57
        102 |      1,326        0.28       83.85
        103 |        727        0.15       84.01
        104 |      1,144        0.24       84.25
        105 |      1,273        0.27       84.52
        106 |      1,060        0.23       84.75
        107 |        856        0.18       84.93
        108 |        972        0.21       85.14
        109 |      1,308        0.28       85.42
        110 |        990        0.21       85.63
        111 |        889        0.19       85.82
        112 |      1,232        0.26       86.08
        113 |        796        0.17       86.25
        114 |        798        0.17       86.42
        115 |        924        0.20       86.62
        116 |        696        0.15       86.76
        117 |      2,457        0.52       87.29
        118 |        826        0.18       87.46
        119 |        597        0.13       87.59
        120 |        840        0.18       87.77
        121 |        605        0.13       87.90
        122 |        732        0.16       88.06
        123 |        984        0.21       88.27
        124 |        373        0.08       88.34
        125 |        750        0.16       88.50
        126 |        630        0.13       88.64
        127 |        635        0.14       88.77
        128 |        768        0.16       88.94
        129 |        516        0.11       89.05
        130 |        520        0.11       89.16
        131 |      1,310        0.28       89.44
        132 |        396        0.08       89.52
        133 |        802        0.17       89.69
        134 |        268        0.06       89.75
        135 |        675        0.14       89.89
        136 |        272        0.06       89.95
        137 |        548        0.12       90.07
        138 |        414        0.09       90.16
        139 |      1,112        0.24       90.39
        140 |        700        0.15       90.54
        141 |        423        0.09       90.63
        142 |        710        0.15       90.78
        143 |        286        0.06       90.85
        144 |        720        0.15       91.00
        145 |        290        0.06       91.06
        146 |        442        0.09       91.15
        147 |        147        0.03       91.19
        148 |        740        0.16       91.34
        149 |        149        0.03       91.38
        150 |        300        0.06       91.44
        151 |        302        0.06       91.50
        152 |        152        0.03       91.54
        153 |        153        0.03       91.57
        154 |        309        0.07       91.63
        155 |        465        0.10       91.73
        156 |        312        0.07       91.80
        157 |        314        0.07       91.87
        158 |        475        0.10       91.97
        159 |        318        0.07       92.04
        160 |        800        0.17       92.21
        161 |        805        0.17       92.38
        162 |        486        0.10       92.48
        163 |        815        0.17       92.66
        164 |        492        0.10       92.76
        167 |        167        0.04       92.80
        168 |        672        0.14       92.94
        169 |        338        0.07       93.01
        170 |        170        0.04       93.05
        172 |        344        0.07       93.12
        173 |        346        0.07       93.19
        174 |        522        0.11       93.31
        175 |        700        0.15       93.46
        176 |        176        0.04       93.49
        177 |        354        0.08       93.57
        179 |        179        0.04       93.61
        180 |        180        0.04       93.64
        183 |        183        0.04       93.68
        184 |        368        0.08       93.76
        186 |        558        0.12       93.88
        187 |        187        0.04       93.92
        189 |        189        0.04       93.96
        190 |        192        0.04       94.00
        192 |        384        0.08       94.08
        197 |        394        0.08       94.17
        198 |        198        0.04       94.21
        199 |        199        0.04       94.25
        200 |        400        0.09       94.34
        201 |        603        0.13       94.47
        202 |        202        0.04       94.51
        203 |        203        0.04       94.55
        204 |        408        0.09       94.64
        205 |        615        0.13       94.77
        206 |        618        0.13       94.90
        208 |        416        0.09       94.99
        209 |        418        0.09       95.08
        210 |        420        0.09       95.17
        211 |        211        0.04       95.21
        212 |        212        0.05       95.26
        214 |        428        0.09       95.35
        216 |        216        0.05       95.40
        217 |        217        0.05       95.44
        221 |        442        0.09       95.54
        222 |        444        0.09       95.63
        223 |        223        0.05       95.68
        224 |        224        0.05       95.73
        225 |        225        0.05       95.77
        226 |        452        0.10       95.87
        228 |        228        0.05       95.92
        230 |        230        0.05       95.97
        231 |        462        0.10       96.07
        232 |        469        0.10       96.17
        233 |        233        0.05       96.22
        234 |        234        0.05       96.27
        235 |        235        0.05       96.32
        236 |        236        0.05       96.37
        238 |        238        0.05       96.42
        241 |        241        0.05       96.47
        244 |        488        0.10       96.57
        246 |        246        0.05       96.63
        248 |        496        0.11       96.73
        251 |        251        0.05       96.78
        252 |        252        0.05       96.84
        255 |        510        0.11       96.95
        257 |        257        0.05       97.00
        262 |        524        0.11       97.11
        264 |        264        0.06       97.17
        268 |        268        0.06       97.23
        269 |        269        0.06       97.28
        270 |        270        0.06       97.34
        271 |        542        0.12       97.46
        272 |        272        0.06       97.52
        274 |        548        0.12       97.63
        275 |        275        0.06       97.69
        277 |        554        0.12       97.81
        281 |        844        0.18       97.99
        286 |        286        0.06       98.05
        291 |        291        0.06       98.11
        295 |        295        0.06       98.17
        316 |        316        0.07       98.24
        318 |        318        0.07       98.31
        320 |        320        0.07       98.38
        327 |        327        0.07       98.45
        333 |        333        0.07       98.52
        335 |        335        0.07       98.59
        349 |        349        0.07       98.66
        363 |        363        0.08       98.74
        364 |        364        0.08       98.82
        388 |        388        0.08       98.90
        401 |        401        0.09       98.99
        426 |        426        0.09       99.08
        431 |        431        0.09       99.17
        467 |        467        0.10       99.27
        503 |        503        0.11       99.38
        519 |        519        0.11       99.49
        523 |        523        0.11       99.60
        784 |        784        0.17       99.77
       1099 |      1,100        0.23      100.00
------------+-----------------------------------
      Total |    469,259      100.00

. lab var wospub_num "No. WoS pubs (by author)"

. 
. // % of work they osfpub
. gen osfpub_percent = osfpub_num / wospub_num
(8 missing values generated)

. sum osfpub_percent

    Variable |        Obs        Mean    Std. dev.       Min        Max
-------------+---------------------------------------------------------
osfpub_per~t |    469,251      .00618    .0513688          0          4

. 
. 
. ***--------------------------***
. // REDUCE down to AUTHOR-LEVEL
. ***--------------------------***
. drop osfpub wospub 

. drop jm_paper_id uid osfid is_review is_oa pubyear wos_pubdate_clean pubtype d
> octypes n_references oa_types oa source_title date_created date_modified date_
> published original_publication_date likely* abstract* title_says_fem fulltext_
> ever_says_fem fem_added fem_removed feminist_journal cites* rank gender_and_so
> ciety sjr* hindex wospub

. 
. duplicates drop

Duplicates in terms of all variables

(449,652 observations deleted)

. count
  19,607

. isid responseid

. 
. save $clean/survey_authors.dta, replace
(file
    /Users/mmking/Documents/SocResearch/SocArXiv_gender/data/clean_data/survey
    > _authors.dta not found)
file
    ~/Documents/SocResearch/SocArXiv_gender/data/clean_data/survey_authors.dta
    saved

. 
. ***--------------------------***
. // DEMOGRAPHICS of AUTHORS of PAPERS published on OSF vs and WHO DOESN'T (auth
> or-paper level)
. ***--------------------------***
. * Of All Papers by Sociologists, what are demographics of those who osfpub vs.
>  those who don't
. 
. * Pub status by osfpub
. 
. * Among those who osfpub + publish, what is gender % breakdown
. 
. * Among those who publish without osfpub, what is gender % breakdown
. 
. * Among those who ever osfpub, what is gender breakdown
. table osfpub_ever, ///
>         stat(fvpercent author_gender_woman) stat(fvpercent author_gender_man) 
> ///
>         stat(fvpercent author_gender_nb) ///
>         stat(frequency)

-------------------------------------------------------------------------------------------------------------------------------------------
                                           |                               Factor-variable percent                                Frequency
                                           |   Author gender woman=1 not=0     Author gender man=1 not=0     author_gender_tnb             
                                           |        Not woman         Woman         Not man           Man           0         1            
-------------------------------------------+-----------------------------------------------------------------------------------------------
responseid ever had osf_paperid in dataset |                                                                                               
  never osfpub (author level)              |            60.49         39.51           44.15         55.85       99.24      0.76      18,689
  osfpub ever (author level)               |            65.14         34.86           39.22         60.78       98.58      1.42         918
  Total                                    |            60.71         39.29           43.92         56.08       99.21      0.79      19,607
-------------------------------------------------------------------------------------------------------------------------------------------

.         
.         
. ***--------------------------***
. *MODELS: for whether osfpub ever
. ***--------------------------***
. 
. *Base model
. logit osfpub_ever author_gender_woman author_gender_tnb, or

Iteration 0:  Log likelihood = -3589.3988  
Iteration 1:  Log likelihood = -3583.4758  
Iteration 2:  Log likelihood = -3583.3232  
Iteration 3:  Log likelihood = -3583.3228  
Iteration 4:  Log likelihood = -3583.3228  

Logistic regression                                     Number of obs = 18,861
                                                        LR chi2(2)    =  12.15
                                                        Prob > chi2   = 0.0023
Log likelihood = -3583.3228                             Pseudo R2     = 0.0017

-------------------------------------------------------------------------------
  osfpub_ever | Odds ratio   Std. err.      z    P>|z|     [95% conf. interval]
--------------+----------------------------------------------------------------
author_g~oman |   .8099625   .0580625    -2.94   0.003      .703795    .9321453
author_g~_tnb |   1.570931   .4135498     1.72   0.086     .9377283    2.631704
        _cons |   .0534314    .002323   -67.38   0.000     .0490669     .058184
-------------------------------------------------------------------------------
Note: _cons estimates baseline odds.

. estimates store model1

. 
. * add author-level controls
. logit osfpub_ever author_gender_woman author_gender_tnb ///
>         $author_level_controls ///
>         , or

Iteration 0:  Log likelihood = -3561.2998  
Iteration 1:  Log likelihood = -3521.8948  
Iteration 2:  Log likelihood = -3520.1717  
Iteration 3:  Log likelihood = -3520.1644  
Iteration 4:  Log likelihood = -3520.1644  

Logistic regression                                     Number of obs = 18,653
                                                        LR chi2(8)    =  82.27
                                                        Prob > chi2   = 0.0000
Log likelihood = -3520.1644                             Pseudo R2     = 0.0116

-------------------------------------------------------------------------------
  osfpub_ever | Odds ratio   Std. err.      z    P>|z|     [95% conf. interval]
--------------+----------------------------------------------------------------
author_g~oman |   .7976304   .0574811    -3.14   0.002      .692564    .9186359
author_g~_tnb |   1.561523   .4123821     1.69   0.091     .9305827    2.620245
   race_black |   .4013635   .1182492    -3.10   0.002     .2252983    .7150193
race_asia~ese |   .4791508   .0748098    -4.71   0.000     .3528371    .6506841
 race_chinese |   .4248627   .0859905    -4.23   0.000     .2857385    .6317254
    race_mena |   .3595622   .1157474    -3.18   0.001     .1913207      .67575
  race_latine |   .7698332    .102019    -1.97   0.048     .5937377    .9981564
race_other_~w |   .7436216   .1142651    -1.93   0.054     .5502451    1.004958
        _cons |   .0635394   .0030422   -57.56   0.000      .057848    .0697907
-------------------------------------------------------------------------------
Note: _cons estimates baseline odds.

. estimates store model2

. 
. etable, estimates(model1 model2) ///
>         mstat(N) mstat(r2_a) column(index) ///
>         showstars showstarsnote stars(.05 "*" .01 "**" .001 "***", attach(_r_b
> )) ///
>         title("Logit Models predicting whether author ever publishes on SocArX
> iv (binary outcome) - ORs") ///
>         export($results/arxg21_osfpub_ever.docx, as(docx) replace)

Logit Models predicting whether author ever publishes on SocArXiv (binary outcome) - ORs
------------------------------------------------------
                                    1           2     
------------------------------------------------------
Author gender woman=1 not=0      0.810 **    0.798 ** 
                               (0.058)     (0.057)    
Author trans/nonbinary     = 1   1.571       1.562    
                               (0.414)     (0.412)    
race_black                                   0.401 ** 
                                           (0.118)    
race_asian_nonchinese                        0.479 ***
                                           (0.075)    
race_chinese                                 0.425 ***
                                           (0.086)    
race_mena                                    0.360 ** 
                                           (0.116)    
race_latine                                  0.770 *  
                                           (0.102)    
race_other_new                               0.744    
                                           (0.114)    
Intercept                        0.053 ***   0.064 ***
                               (0.002)     (0.003)    
Number of observations           18861       18653    
------------------------------------------------------
*** p<.001, ** p<.01, * p<.05
(collection ETable exported to file
 ~/Documents/SocResearch/SocArXiv_gender/results/arxg21_osfpub_ever.docx)

. 
. 
. ***--------------------------***
. // OF PEOPLE WHO EVER PUT ANYTHING on SocArXiv, 
. // WHAT % OF WORK AUTHORS PUT ON osfpub (author level)
. ***--------------------------***
. 
. use $clean/survey_authors.dta, clear

. 
. * Of those who osfpub ever, what is average number of osfpubs
. keep if osfpub_ever == 1
(18,689 observations deleted)

. table author_gender_man, stat(mean osfpub_num)  stat(median osfpub_num)

----------------------------------------------
                          |      Mean   Median
--------------------------+-------------------
Author gender man=1 not=0 |                   
  Not man                 |  2.144444        1
  Man                     |  3.069892        2
  Total                   |  2.706972        1
----------------------------------------------

. table author_gender_woman, stat(mean osfpub_num)  stat(median osfpub_num)

------------------------------------------------
                            |      Mean   Median
----------------------------+-------------------
Author gender woman=1 not=0 |                   
  Not woman                 |  2.998328        1
  Woman                     |    2.1625        1
  Total                     |  2.706972        1
------------------------------------------------

. table author_gender_tnb, stat(mean osfpub_num)  stat(median osfpub_num)

---------------------------------------------------
                               |      Mean   Median
-------------------------------+-------------------
Author trans/nonbinary     = 1 |                   
  0                            |     2.744        1
  1                            |     1.375        1
  Total                        |  2.719416        1
---------------------------------------------------

. sum osfpub_num

    Variable |        Obs        Mean    Std. dev.       Min        Max
-------------+---------------------------------------------------------
  osfpub_num |        918    2.706972    3.503881          1         47

. 
. table author_gender_man, stat(mean osfpub_percent) stat(sd osfpub_percent)

----------------------------------------------------------
                          |      Mean   Standard deviation
--------------------------+-------------------------------
Author gender man=1 not=0 |                               
  Not man                 |   .159465             .2938102
  Man                     |  .1800921             .2599643
  Total                   |  .1719724             .2738146
----------------------------------------------------------

. table author_gender_woman, stat(mean osfpub_percent) stat(sd osfpub_percent)

------------------------------------------------------------
                            |      Mean   Standard deviation
----------------------------+-------------------------------
Author gender woman=1 not=0 |                               
  Not woman                 |  .1757063             .2532605
  Woman                     |  .1650314             .3087135
  Total                     |  .1719724             .2738146
------------------------------------------------------------

. table author_gender_tnb, stat(mean osfpub_percent) stat(sd osfpub_percent)

---------------------------------------------------------------
                               |      Mean   Standard deviation
-------------------------------+-------------------------------
Author trans/nonbinary     = 1 |                               
  0                            |  .1746743              .279078
  1                            |   .128405             .1116581
  Total                        |  .1738378             .2769918
---------------------------------------------------------------

. 
. hist osfpub_percent
(bin=29, start=.00355872, width=.13780832)

. 
. ***--------------------------***
. * MODEL: PROPORTION OF WORK PUT on SocArXiv
. ***--------------------------***
. * fracreg logit osfpub_percent independent_variables, or
. * fractional logit appropriate for DVs that can also = 0 or 1
. 
. use $clean/survey_authors.dta, clear

. 
. sum osfpub_percent, det

                       osfpub_percent
-------------------------------------------------------------
      Percentiles      Smallest
 1%            0              0
 5%            0              0
10%            0              0       Obs              19,601
25%            0              0       Sum of wgt.      19,601

50%            0                      Mean           .0080016
                        Largest       Std. dev.      .0692595
75%            0              2
90%            0            2.2       Variance       .0047969
95%            0            2.8       Skewness       22.78402
99%     .2045455              4       Kurtosis       878.8369

. 
. * Base model
. fracreg logit osfpub_percent author_gender_woman author_gender_tnb
invalid outcome variable
    Your outcome variable should contain values inside the interval [0,1]
r(2000);

end of do-file

r(2000);

. exit
